stm32l4xx_hal_sai.c:330:19:HAL_SAI_InitProtocol	32	static
stm32l4xx_hal_sai.c:369:19:HAL_SAI_Init	40	static
stm32l4xx_hal_sai.c:693:19:HAL_SAI_DeInit	16	static
stm32l4xx_hal_sai.c:763:13:HAL_SAI_MspInit	16	static
stm32l4xx_hal_sai.c:779:13:HAL_SAI_MspDeInit	16	static
stm32l4xx_hal_sai.c:1020:19:HAL_SAI_Transmit	32	static
stm32l4xx_hal_sai.c:1133:19:HAL_SAI_Receive	32	static
stm32l4xx_hal_sai.c:1243:19:HAL_SAI_Transmit_IT	24	static
stm32l4xx_hal_sai.c:1305:19:HAL_SAI_Receive_IT	24	static
stm32l4xx_hal_sai.c:1363:19:HAL_SAI_DMAPause	16	static
stm32l4xx_hal_sai.c:1383:19:HAL_SAI_DMAResume	16	static
stm32l4xx_hal_sai.c:1410:19:HAL_SAI_DMAStop	24	static
stm32l4xx_hal_sai.c:1472:19:HAL_SAI_Abort	24	static
stm32l4xx_hal_sai.c:1544:19:HAL_SAI_Transmit_DMA	32	static
stm32l4xx_hal_sai.c:1631:19:HAL_SAI_Receive_DMA	24	static
stm32l4xx_hal_sai.c:1700:19:HAL_SAI_EnableTxMuteMode	16	static
stm32l4xx_hal_sai.c:1719:19:HAL_SAI_DisableTxMuteMode	16	static
stm32l4xx_hal_sai.c:1737:19:HAL_SAI_EnableRxMuteMode	24	static
stm32l4xx_hal_sai.c:1760:19:HAL_SAI_DisableRxMuteMode	16	static
stm32l4xx_hal_sai.c:1779:6:HAL_SAI_IRQHandler	32	static
stm32l4xx_hal_sai.c:2043:13:HAL_SAI_TxCpltCallback	16	static
stm32l4xx_hal_sai.c:2059:13:HAL_SAI_TxHalfCpltCallback	16	static
stm32l4xx_hal_sai.c:2075:13:HAL_SAI_RxCpltCallback	16	static
stm32l4xx_hal_sai.c:2091:13:HAL_SAI_RxHalfCpltCallback	16	static
stm32l4xx_hal_sai.c:2107:13:HAL_SAI_ErrorCallback	16	static
stm32l4xx_hal_sai.c:2142:22:HAL_SAI_GetState	16	static
stm32l4xx_hal_sai.c:2153:10:HAL_SAI_GetError	16	static
stm32l4xx_hal_sai.c:2182:26:SAI_InitI2S	32	static
stm32l4xx_hal_sai.c:2281:26:SAI_InitPCM	32	static
stm32l4xx_hal_sai.c:2354:13:SAI_FillFifo	24	static
stm32l4xx_hal_sai.c:2397:17:SAI_InterruptFlag	24	static
stm32l4xx_hal_sai.c:2430:26:SAI_Disable	24	static
stm32l4xx_hal_sai.c:2461:13:SAI_Transmit_IT8Bit	16	static
stm32l4xx_hal_sai.c:2490:13:SAI_Transmit_IT16Bit	24	static
stm32l4xx_hal_sai.c:2523:13:SAI_Transmit_IT32Bit	24	static
stm32l4xx_hal_sai.c:2560:13:SAI_Receive_IT8Bit	16	static
stm32l4xx_hal_sai.c:2591:13:SAI_Receive_IT16Bit	24	static
stm32l4xx_hal_sai.c:2627:13:SAI_Receive_IT32Bit	24	static
stm32l4xx_hal_sai.c:2667:13:SAI_DMATxCplt	24	static
stm32l4xx_hal_sai.c:2696:13:SAI_DMATxHalfCplt	24	static
stm32l4xx_hal_sai.c:2713:13:SAI_DMARxCplt	24	static
stm32l4xx_hal_sai.c:2741:13:SAI_DMARxHalfCplt	24	static
stm32l4xx_hal_sai.c:2758:13:SAI_DMAError	24	static
stm32l4xx_hal_sai.c:2792:13:SAI_DMAAbort	24	static
