Archive member included to satisfy reference by file (symbol)

C:\Users\Laptop\Documents\Projects\STM32\lib\libarm_cortexM4lf_math.a(arm_max_f32.o)
                              Core/Src/fft.o (arm_max_f32)
C:\Users\Laptop\Documents\Projects\STM32\lib\libarm_cortexM4lf_math.a(arm_cfft_radix4_init_f32.o)
                              Core/Src/fft.o (arm_cfft_radix4_init_f32)
C:\Users\Laptop\Documents\Projects\STM32\lib\libarm_cortexM4lf_math.a(arm_cfft_radix4_f32.o)
                              Core/Src/fft.o (arm_cfft_radix4_f32)
C:\Users\Laptop\Documents\Projects\STM32\lib\libarm_cortexM4lf_math.a(arm_cmplx_mag_f32.o)
                              Core/Src/fft.o (arm_cmplx_mag_f32)
C:\Users\Laptop\Documents\Projects\STM32\lib\libarm_cortexM4lf_math.a(arm_common_tables.o)
                              C:\Users\Laptop\Documents\Projects\STM32\lib\libarm_cortexM4lf_math.a(arm_cfft_radix4_init_f32.o) (twiddleCoef_4096)
C:\Users\Laptop\Documents\Projects\STM32\lib\libarm_cortexM4lf_math.a(arm_bitreversal.o)
                              C:\Users\Laptop\Documents\Projects\STM32\lib\libarm_cortexM4lf_math.a(arm_cfft_radix4_f32.o) (arm_bitreversal_f32)
c:/st/stm32cubeide_1.0.2/stm32cubeide/plugins/com.st.stm32cube.ide.mcu.externaltools.gnu-tools-for-stm32.7-2018-q2-update.win32_1.0.0.201904181610/tools/bin/../lib/gcc/arm-none-eabi/7.3.1/../../../../arm-none-eabi/lib/thumb/v7e-m/fpv4-sp/hard\libc_nano.a(lib_a-errno.o)
                              Core/Src/syscalls.o (__errno)
c:/st/stm32cubeide_1.0.2/stm32cubeide/plugins/com.st.stm32cube.ide.mcu.externaltools.gnu-tools-for-stm32.7-2018-q2-update.win32_1.0.0.201904181610/tools/bin/../lib/gcc/arm-none-eabi/7.3.1/../../../../arm-none-eabi/lib/thumb/v7e-m/fpv4-sp/hard\libc_nano.a(lib_a-exit.o)
                              c:/st/stm32cubeide_1.0.2/stm32cubeide/plugins/com.st.stm32cube.ide.mcu.externaltools.gnu-tools-for-stm32.7-2018-q2-update.win32_1.0.0.201904181610/tools/bin/../lib/gcc/arm-none-eabi/7.3.1/../../../../arm-none-eabi/lib/thumb/v7e-m/fpv4-sp/hard/crt0.o (exit)
c:/st/stm32cubeide_1.0.2/stm32cubeide/plugins/com.st.stm32cube.ide.mcu.externaltools.gnu-tools-for-stm32.7-2018-q2-update.win32_1.0.0.201904181610/tools/bin/../lib/gcc/arm-none-eabi/7.3.1/../../../../arm-none-eabi/lib/thumb/v7e-m/fpv4-sp/hard\libc_nano.a(lib_a-impure.o)
                              c:/st/stm32cubeide_1.0.2/stm32cubeide/plugins/com.st.stm32cube.ide.mcu.externaltools.gnu-tools-for-stm32.7-2018-q2-update.win32_1.0.0.201904181610/tools/bin/../lib/gcc/arm-none-eabi/7.3.1/../../../../arm-none-eabi/lib/thumb/v7e-m/fpv4-sp/hard\libc_nano.a(lib_a-exit.o) (_global_impure_ptr)
c:/st/stm32cubeide_1.0.2/stm32cubeide/plugins/com.st.stm32cube.ide.mcu.externaltools.gnu-tools-for-stm32.7-2018-q2-update.win32_1.0.0.201904181610/tools/bin/../lib/gcc/arm-none-eabi/7.3.1/../../../../arm-none-eabi/lib/thumb/v7e-m/fpv4-sp/hard\libc_nano.a(lib_a-init.o)
                              c:/st/stm32cubeide_1.0.2/stm32cubeide/plugins/com.st.stm32cube.ide.mcu.externaltools.gnu-tools-for-stm32.7-2018-q2-update.win32_1.0.0.201904181610/tools/bin/../lib/gcc/arm-none-eabi/7.3.1/../../../../arm-none-eabi/lib/thumb/v7e-m/fpv4-sp/hard/crt0.o (__libc_init_array)
c:/st/stm32cubeide_1.0.2/stm32cubeide/plugins/com.st.stm32cube.ide.mcu.externaltools.gnu-tools-for-stm32.7-2018-q2-update.win32_1.0.0.201904181610/tools/bin/../lib/gcc/arm-none-eabi/7.3.1/../../../../arm-none-eabi/lib/thumb/v7e-m/fpv4-sp/hard\libc_nano.a(lib_a-itoa.o)
                              Core/Src/main.o (itoa)
c:/st/stm32cubeide_1.0.2/stm32cubeide/plugins/com.st.stm32cube.ide.mcu.externaltools.gnu-tools-for-stm32.7-2018-q2-update.win32_1.0.0.201904181610/tools/bin/../lib/gcc/arm-none-eabi/7.3.1/../../../../arm-none-eabi/lib/thumb/v7e-m/fpv4-sp/hard\libc_nano.a(lib_a-malloc.o)
                              Middlewares/ST/STM32_USB_Host_Library/Class/CDC/Src/usbh_cdc.o (malloc)
c:/st/stm32cubeide_1.0.2/stm32cubeide/plugins/com.st.stm32cube.ide.mcu.externaltools.gnu-tools-for-stm32.7-2018-q2-update.win32_1.0.0.201904181610/tools/bin/../lib/gcc/arm-none-eabi/7.3.1/../../../../arm-none-eabi/lib/thumb/v7e-m/fpv4-sp/hard\libc_nano.a(lib_a-memcpy-stub.o)
                              Drivers/Components/m24sr/m24sr.o (memcpy)
c:/st/stm32cubeide_1.0.2/stm32cubeide/plugins/com.st.stm32cube.ide.mcu.externaltools.gnu-tools-for-stm32.7-2018-q2-update.win32_1.0.0.201904181610/tools/bin/../lib/gcc/arm-none-eabi/7.3.1/../../../../arm-none-eabi/lib/thumb/v7e-m/fpv4-sp/hard\libc_nano.a(lib_a-memset.o)
                              c:/st/stm32cubeide_1.0.2/stm32cubeide/plugins/com.st.stm32cube.ide.mcu.externaltools.gnu-tools-for-stm32.7-2018-q2-update.win32_1.0.0.201904181610/tools/bin/../lib/gcc/arm-none-eabi/7.3.1/../../../../arm-none-eabi/lib/thumb/v7e-m/fpv4-sp/hard/crt0.o (memset)
[...]
Memory Configuration

Name             Origin             Length             Attributes
RAM              0x0000000020000000 0x0000000000018000 xrw
RAM2             0x0000000010000000 0x0000000000008000 xrw
FLASH            0x0000000008000000 0x0000000000100000 xr
*default*        0x0000000000000000 0xffffffffffffffff

Linker script and memory map

LOAD c:/st/stm32cubeide_1.0.2/stm32cubeide/plugins/com.st.stm32cube.ide.mcu.externaltools.gnu-tools-for-stm32.7-2018-q2-update.win32_1.0.0.201904181610/tools/bin/../lib/gcc/arm-none-eabi/7.3.1/thumb/v7e-m/fpv4-sp/hard/crti.o
LOAD c:/st/stm32cubeide_1.0.2/stm32cubeide/plugins/com.st.stm32cube.ide.mcu.externaltools.gnu-tools-for-stm32.7-2018-q2-update.win32_1.0.0.201904181610/tools/bin/../lib/gcc/arm-none-eabi/7.3.1/thumb/v7e-m/fpv4-sp/hard/crtbegin.o
LOAD c:/st/stm32cubeide_1.0.2/stm32cubeide/plugins/com.st.stm32cube.ide.mcu.externaltools.gnu-tools-for-stm32.7-2018-q2-update.win32_1.0.0.201904181610/tools/bin/../lib/gcc/arm-none-eabi/7.3.1/../../../../arm-none-eabi/lib/thumb/v7e-m/fpv4-sp/hard/crt0.o
LOAD Core/Src/adc.o
LOAD Core/Src/display.o
LOAD Core/Src/fft.o
LOAD Core/Src/main.o
LOAD Core/Src/stm32l4xx_hal_msp.o
LOAD Core/Src/stm32l4xx_it.o
LOAD Core/Src/syscalls.o
LOAD Core/Src/sysmem.o
LOAD Core/Src/system_stm32l4xx.o
LOAD Core/Startup/startup_stm32l476vgtx.o
LOAD Drivers/Components/cs42l51/cs42l51.o
LOAD Drivers/Components/cs43l22/cs43l22.o
LOAD Drivers/Components/ft3x67/ft3x67.o
LOAD Drivers/Components/ft5336/ft5336.o
LOAD Drivers/Components/ft6x06/ft6x06.o
LOAD Drivers/Components/hts221/hts221.o
LOAD Drivers/Components/hx8347g/hx8347g.o
LOAD Drivers/Components/hx8347i/hx8347i.o
LOAD Drivers/Components/l3gd20/l3gd20.o
LOAD Drivers/Components/lis3mdl/lis3mdl.o
LOAD Drivers/Components/lps22hb/lps22hb.o
LOAD Drivers/Components/ls016b8uy/ls016b8uy.o
LOAD Drivers/Components/lsm303c/lsm303c.o
LOAD Drivers/Components/lsm303dlhc/lsm303dlhc.o
LOAD Drivers/Components/lsm6dsl/lsm6dsl.o
LOAD Drivers/Components/m24sr/m24sr.o
LOAD Drivers/Components/mfxstm32l152/mfxstm32l152.o
LOAD Drivers/Components/ov9655/ov9655.o
LOAD Drivers/Components/st7735/st7735.o
LOAD Drivers/Components/st7789h2/st7789h2.o
LOAD Drivers/Components/stmpe1600/stmpe1600.o
LOAD Drivers/Components/stmpe811/stmpe811.o
LOAD Drivers/Components/wm8994/wm8994.o
LOAD Drivers/STM32L476G-Discovery/stm32l476g_discovery.o
LOAD Drivers/STM32L476G-Discovery/stm32l476g_discovery_compass.o
LOAD Drivers/STM32L476G-Discovery/stm32l476g_discovery_glass_lcd.o
LOAD Drivers/STM32L476G-Discovery/stm32l476g_discovery_gyroscope.o
LOAD Drivers/STM32L476G-Discovery/stm32l476g_discovery_idd.o
LOAD Drivers/STM32L476G-Discovery/stm32l476g_discovery_qspi.o
LOAD Drivers/STM32L4xx_HAL_Driver/Src/stm32l4xx_hal.o
LOAD Drivers/STM32L4xx_HAL_Driver/Src/stm32l4xx_hal_adc.o
LOAD Drivers/STM32L4xx_HAL_Driver/Src/stm32l4xx_hal_adc_ex.o
LOAD Drivers/STM32L4xx_HAL_Driver/Src/stm32l4xx_hal_cortex.o
LOAD Drivers/STM32L4xx_HAL_Driver/Src/stm32l4xx_hal_dma.o
LOAD Drivers/STM32L4xx_HAL_Driver/Src/stm32l4xx_hal_dma_ex.o
LOAD Drivers/STM32L4xx_HAL_Driver/Src/stm32l4xx_hal_exti.o
LOAD Drivers/STM32L4xx_HAL_Driver/Src/stm32l4xx_hal_flash.o
LOAD Drivers/STM32L4xx_HAL_Driver/Src/stm32l4xx_hal_flash_ex.o
LOAD Drivers/STM32L4xx_HAL_Driver/Src/stm32l4xx_hal_flash_ramfunc.o
LOAD Drivers/STM32L4xx_HAL_Driver/Src/stm32l4xx_hal_gpio.o
LOAD Drivers/STM32L4xx_HAL_Driver/Src/stm32l4xx_hal_hcd.o
LOAD Drivers/STM32L4xx_HAL_Driver/Src/stm32l4xx_hal_i2c.o
LOAD Drivers/STM32L4xx_HAL_Driver/Src/stm32l4xx_hal_i2c_ex.o
LOAD Drivers/STM32L4xx_HAL_Driver/Src/stm32l4xx_hal_lcd.o
LOAD Drivers/STM32L4xx_HAL_Driver/Src/stm32l4xx_hal_pwr.o
LOAD Drivers/STM32L4xx_HAL_Driver/Src/stm32l4xx_hal_pwr_ex.o
LOAD Drivers/STM32L4xx_HAL_Driver/Src/stm32l4xx_hal_qspi.o
LOAD Drivers/STM32L4xx_HAL_Driver/Src/stm32l4xx_hal_rcc.o
LOAD Drivers/STM32L4xx_HAL_Driver/Src/stm32l4xx_hal_rcc_ex.o
LOAD Drivers/STM32L4xx_HAL_Driver/Src/stm32l4xx_hal_tim.o
LOAD Drivers/STM32L4xx_HAL_Driver/Src/stm32l4xx_hal_tim_ex.o
LOAD Drivers/STM32L4xx_HAL_Driver/Src/stm32l4xx_hal_uart.o
LOAD Drivers/STM32L4xx_HAL_Driver/Src/stm32l4xx_hal_uart_ex.o
LOAD Drivers/STM32L4xx_HAL_Driver/Src/stm32l4xx_ll_usb.o
LOAD Middlewares/ST/STM32_USB_Host_Library/Class/CDC/Src/usbh_cdc.o
LOAD Middlewares/ST/STM32_USB_Host_Library/Core/Src/usbh_core.o
LOAD Middlewares/ST/STM32_USB_Host_Library/Core/Src/usbh_ctlreq.o
LOAD Middlewares/ST/STM32_USB_Host_Library/Core/Src/usbh_ioreq.o
LOAD Middlewares/ST/STM32_USB_Host_Library/Core/Src/usbh_pipes.o
LOAD USB_HOST/App/usb_host.o
LOAD USB_HOST/Target/usbh_conf.o
LOAD USB_HOST/Target/usbh_platform.o
LOAD C:\Users\Laptop\Documents\Projects\STM32\lib\libarm_cortexM4lf_math.a
START GROUP
LOAD c:/st/stm32cubeide_1.0.2/stm32cubeide/plugins/com.st.stm32cube.ide.mcu.externaltools.gnu-tools-for-stm32.7-2018-q2-update.win32_1.0.0.201904181610/tools/bin/../lib/gcc/arm-none-eabi/7.3.1/../../../../arm-none-eabi/lib/thumb/v7e-m/fpv4-sp/hard\libc_nano.a
LOAD c:/st/stm32cubeide_1.0.2/stm32cubeide/plugins/com.st.stm32cube.ide.mcu.externaltools.gnu-tools-for-stm32.7-2018-q2-update.win32_1.0.0.201904181610/tools/bin/../lib/gcc/arm-none-eabi/7.3.1/../../../../arm-none-eabi/lib/thumb/v7e-m/fpv4-sp/hard\libm.a
END GROUP
START GROUP
LOAD c:/st/stm32cubeide_1.0.2/stm32cubeide/plugins/com.st.stm32cube.ide.mcu.externaltools.gnu-tools-for-stm32.7-2018-q2-update.win32_1.0.0.201904181610/tools/bin/../lib/gcc/arm-none-eabi/7.3.1/thumb/v7e-m/fpv4-sp/hard\libgcc.a
LOAD c:/st/stm32cubeide_1.0.2/stm32cubeide/plugins/com.st.stm32cube.ide.mcu.externaltools.gnu-tools-for-stm32.7-2018-q2-update.win32_1.0.0.201904181610/tools/bin/../lib/gcc/arm-none-eabi/7.3.1/../../../../arm-none-eabi/lib/thumb/v7e-m/fpv4-sp/hard\libc_nano.a
END GROUP
START GROUP
LOAD c:/st/stm32cubeide_1.0.2/stm32cubeide/plugins/com.st.stm32cube.ide.mcu.externaltools.gnu-tools-for-stm32.7-2018-q2-update.win32_1.0.0.201904181610/tools/bin/../lib/gcc/arm-none-eabi/7.3.1/thumb/v7e-m/fpv4-sp/hard\libgcc.a
LOAD c:/st/stm32cubeide_1.0.2/stm32cubeide/plugins/com.st.stm32cube.ide.mcu.externaltools.gnu-tools-for-stm32.7-2018-q2-update.win32_1.0.0.201904181610/tools/bin/../lib/gcc/arm-none-eabi/7.3.1/../../../../arm-none-eabi/lib/thumb/v7e-m/fpv4-sp/hard\libc_nano.a
LOAD c:/st/stm32cubeide_1.0.2/stm32cubeide/plugins/com.st.stm32cube.ide.mcu.externaltools.gnu-tools-for-stm32.7-2018-q2-update.win32_1.0.0.201904181610/tools/bin/../lib/gcc/arm-none-eabi/7.3.1/../../../../arm-none-eabi/lib/thumb/v7e-m/fpv4-sp/hard\libnosys.a
END GROUP
START GROUP
LOAD c:/st/stm32cubeide_1.0.2/stm32cubeide/plugins/com.st.stm32cube.ide.mcu.externaltools.gnu-tools-for-stm32.7-2018-q2-update.win32_1.0.0.201904181610/tools/bin/../lib/gcc/arm-none-eabi/7.3.1/thumb/v7e-m/fpv4-sp/hard\libgcc.a
LOAD c:/st/stm32cubeide_1.0.2/stm32cubeide/plugins/com.st.stm32cube.ide.mcu.externaltools.gnu-tools-for-stm32.7-2018-q2-update.win32_1.0.0.201904181610/tools/bin/../lib/gcc/arm-none-eabi/7.3.1/../../../../arm-none-eabi/lib/thumb/v7e-m/fpv4-sp/hard\libc_nano.a
LOAD c:/st/stm32cubeide_1.0.2/stm32cubeide/plugins/com.st.stm32cube.ide.mcu.externaltools.gnu-tools-for-stm32.7-2018-q2-update.win32_1.0.0.201904181610/tools/bin/../lib/gcc/arm-none-eabi/7.3.1/../../../../arm-none-eabi/lib/thumb/v7e-m/fpv4-sp/hard\libnosys.a
END GROUP
LOAD c:/st/stm32cubeide_1.0.2/stm32cubeide/plugins/com.st.stm32cube.ide.mcu.externaltools.gnu-tools-for-stm32.7-2018-q2-update.win32_1.0.0.201904181610/tools/bin/../lib/gcc/arm-none-eabi/7.3.1/thumb/v7e-m/fpv4-sp/hard/crtend.o
LOAD c:/st/stm32cubeide_1.0.2/stm32cubeide/plugins/com.st.stm32cube.ide.mcu.externaltools.gnu-tools-for-stm32.7-2018-q2-update.win32_1.0.0.201904181610/tools/bin/../lib/gcc/arm-none-eabi/7.3.1/thumb/v7e-m/fpv4-sp/hard/crtn.o
                0x0000000020018000                _estack = (ORIGIN (RAM) + LENGTH (RAM))
                0x0000000000000200                _Min_Heap_Size = 0x200
                0x0000000000000400                _Min_Stack_Size = 0x400

.isr_vector     0x0000000008000000      0x188
                0x0000000008000000                . = ALIGN (0x4)
 *(.isr_vector)
 .isr_vector    0x0000000008000000      0x188 Core/Startup/startup_stm32l476vgtx.o
                0x0000000008000000                g_pfnVectors
                0x0000000008000188                . = ALIGN (0x4)

.text           0x0000000008000188     0xc8a0
                0x0000000008000188                . = ALIGN (0x4)
 *(.text)
 .text          0x0000000008000188       0x40 c:/st/stm32cubeide_1.0.2/stm32cubeide/plugins/com.st.stm32cube.ide.mcu.externaltools.gnu-tools-for-stm32.7-2018-q2-update.win32_1.0.0.201904181610/tools/bin/../lib/gcc/arm-none-eabi/7.3.1/thumb/v7e-m/fpv4-sp/hard/crtbegin.o
 .text          0x00000000080001c8       0x10 c:/st/stm32cubeide_1.0.2/stm32cubeide/plugins/com.st.stm32cube.ide.mcu.externaltools.gnu-tools-for-stm32.7-2018-q2-update.win32_1.0.0.201904181610/tools/bin/../lib/gcc/arm-none-eabi/7.3.1/../../../../arm-none-eabi/lib/thumb/v7e-m/fpv4-sp/hard\libc_nano.a(lib_a-strlen.o)
                0x00000000080001c8                strlen
 .text          0x00000000080001d8      0x378 c:/st/stm32cubeide_1.0.2/stm32cubeide/plugins/com.st.stm32cube.ide.mcu.externaltools.gnu-tools-for-stm32.7-2018-q2-update.win32_1.0.0.201904181610/tools/bin/../lib/gcc/arm-none-eabi/7.3.1/thumb/v7e-m/fpv4-sp/hard\libgcc.a(_arm_addsubdf3.o)
                0x00000000080001d8                __aeabi_drsub
                0x00000000080001e0                __aeabi_dsub
                0x00000000080001e0                __subdf3
                0x00000000080001e4                __aeabi_dadd
                0x00000000080001e4                __adddf3
                0x000000000800045c                __floatunsidf
                0x000000000800045c                __aeabi_ui2d
                0x000000000800047c                __floatsidf
                0x000000000800047c                __aeabi_i2d
                0x00000000080004a0                __aeabi_f2d
                0x00000000080004a0                __extendsfdf2
                0x00000000080004e4                __floatundidf
                0x00000000080004e4                __aeabi_ul2d
                0x00000000080004f4                __floatdidf
                0x00000000080004f4                __aeabi_l2d
 .text          0x0000000008000550      0x424 c:/st/stm32cubeide_1.0.2/stm32cubeide/plugins/com.st.stm32cube.ide.mcu.externaltools.gnu-tools-for-stm32.7-2018-q2-update.win32_1.0.0.201904181610/tools/bin/../lib/gcc/arm-none-eabi/7.3.1/thumb/v7e-m/fpv4-sp/hard\libgcc.a(_arm_muldivdf3.o)
                0x0000000008000550                __aeabi_dmul
                0x0000000008000550                __muldf3
                0x00000000080007a4                __divdf3
                0x00000000080007a4                __aeabi_ddiv
 .text          0x0000000008000974      0x110 c:/st/stm32cubeide_1.0.2/stm32cubeide/plugins/com.st.stm32cube.ide.mcu.externaltools.gnu-tools-for-stm32.7-2018-q2-update.win32_1.0.0.201904181610/tools/bin/../lib/gcc/arm-none-eabi/7.3.1/thumb/v7e-m/fpv4-sp/hard\libgcc.a(_arm_cmpdf2.o)
                0x0000000008000974                __gtdf2
                0x0000000008000974                __gedf2
                0x000000000800097c                __ltdf2
                0x000000000800097c                __ledf2
                0x0000000008000984                __nedf2
                0x0000000008000984                __eqdf2
                0x0000000008000984                __cmpdf2
                0x0000000008000a00                __aeabi_cdrcmple
                0x0000000008000a10                __aeabi_cdcmpeq
                0x0000000008000a10                __aeabi_cdcmple
                0x0000000008000a20                __aeabi_dcmpeq
                0x0000000008000a34                __aeabi_dcmplt
                0x0000000008000a48                __aeabi_dcmple
                0x0000000008000a5c                __aeabi_dcmpge
                0x0000000008000a70                __aeabi_dcmpgt
 .text          0x0000000008000a84       0x2c c:/st/stm32cubeide_1.0.2/stm32cubeide/plugins/com.st.stm32cube.ide.mcu.externaltools.gnu-tools-for-stm32.7-2018-q2-update.win32_1.0.0.201904181610/tools/bin/../lib/gcc/arm-none-eabi/7.3.1/thumb/v7e-m/fpv4-sp/hard\libgcc.a(_arm_unorddf2.o)
                0x0000000008000a84                __unorddf2
                0x0000000008000a84                __aeabi_dcmpun
 .text          0x0000000008000ab0       0x50 c:/st/stm32cubeide_1.0.2/stm32cubeide/plugins/com.st.stm32cube.ide.mcu.externaltools.gnu-tools-for-stm32.7-2018-q2-update.win32_1.0.0.201904181610/tools/bin/../lib/gcc/arm-none-eabi/7.3.1/thumb/v7e-m/fpv4-sp/hard\libgcc.a(_arm_fixdfsi.o)
                0x0000000008000ab0                __aeabi_d2iz
                0x0000000008000ab0                __fixdfsi
 .text          0x0000000008000b00       0xa0 c:/st/stm32cubeide_1.0.2/stm32cubeide/plugins/com.st.stm32cube.ide.mcu.externaltools.gnu-tools-for-stm32.7-2018-q2-update.win32_1.0.0.201904181610/tools/bin/../lib/gcc/arm-none-eabi/7.3.1/thumb/v7e-m/fpv4-sp/hard\libgcc.a(_arm_truncdfsf2.o)
                0x0000000008000b00                __truncdfsf2
                0x0000000008000b00                __aeabi_d2f
 .text          0x0000000008000ba0       0x30 c:/st/stm32cubeide_1.0.2/stm32cubeide/plugins/com.st.stm32cube.ide.mcu.externaltools.gnu-tools-for-stm32.7-2018-q2-update.win32_1.0.0.201904181610/tools/bin/../lib/gcc/arm-none-eabi/7.3.1/thumb/v7e-m/fpv4-sp/hard\libgcc.a(_aeabi_uldivmod.o)
                0x0000000008000ba0                __aeabi_uldivmod
 .text          0x0000000008000bd0      0x2cc c:/st/stm32cubeide_1.0.2/stm32cubeide/plugins/com.st.stm32cube.ide.mcu.externaltools.gnu-tools-for-stm32.7-2018-q2-update.win32_1.0.0.201904181610/tools/bin/../lib/gcc/arm-none-eabi/7.3.1/thumb/v7e-m/fpv4-sp/hard\libgcc.a(_udivmoddi4.o)
                0x0000000008000bd0                __udivmoddi4
 .text          0x0000000008000e9c        0x4 c:/st/stm32cubeide_1.0.2/stm32cubeide/plugins/com.st.stm32cube.ide.mcu.externaltools.gnu-tools-for-stm32.7-2018-q2-update.win32_1.0.0.201904181610/tools/bin/../lib/gcc/arm-none-eabi/7.3.1/thumb/v7e-m/fpv4-sp/hard\libgcc.a(_dvmd_tls.o)
                0x0000000008000e9c                __aeabi_idiv0
                0x0000000008000e9c                __aeabi_ldiv0
 *(.text*)
 .text.readADC  0x0000000008000ea0       0x3c Core/Src/adc.o
                0x0000000008000ea0                readADC
 *fill*         0x0000000008000edc        0x4 
 .text.ValueDisplay
                0x0000000008000ee0      0x4a8 Core/Src/display.o
                0x0000000008000ee0                ValueDisplay
 .text.UserInterface
                0x0000000008001388       0x68 Core/Src/display.o
                0x0000000008001388                UserInterface
 .text.initFFT  0x00000000080013f0       0x1c Core/Src/fft.o
                0x00000000080013f0                initFFT
 .text.createFFTBuffer
                0x000000000800140c       0x88 Core/Src/fft.o
                0x000000000800140c                createFFTBuffer
 .text.getMaxHertz
                0x0000000008001494       0x6c Core/Src/fft.o
                0x0000000008001494                getMaxHertz
 .text.addToDoubleBuffer
                0x0000000008001500       0xa0 Core/Src/main.o
                0x0000000008001500                addToDoubleBuffer
 .text.TIM4_IRQHandler
                0x00000000080015a0       0x3c Core/Src/main.o
                0x00000000080015a0                TIM4_IRQHandler
 .text.main     0x00000000080015dc       0xac Core/Src/main.o
                0x00000000080015dc                main
 .text.TransmitValues
                0x0000000008001688       0x40 Core/Src/main.o
                0x0000000008001688                TransmitValues
 .text.SystemClock_Config
                0x00000000080016c8      0x150 Core/Src/main.o
                0x00000000080016c8                SystemClock_Config
 .text.MX_LCD_Init
                0x0000000008001818       0x70 Core/Src/main.o
 .text.MX_QUADSPI_Init
                0x0000000008001888       0x4c Core/Src/main.o
 .text.MX_TIM4_Init
                0x00000000080018d4       0x68 Core/Src/main.o
 .text.MX_USART1_UART_Init
                0x000000000800193c       0x60 Core/Src/main.o
 .text.MX_GPIO_Init
                0x000000000800199c      0x2d8 Core/Src/main.o
 .text.Error_Handler
                0x0000000008001c74        0xe Core/Src/main.o
                0x0000000008001c74                Error_Handler
 *fill*         0x0000000008001c82        0x2 
 .text.HAL_MspInit
                0x0000000008001c84       0x48 Core/Src/stm32l4xx_hal_msp.o
                0x0000000008001c84                HAL_MspInit
 .text.HAL_LCD_MspInit
                0x0000000008001ccc      0x144 Core/Src/stm32l4xx_hal_msp.o
                0x0000000008001ccc                HAL_LCD_MspInit
 .text.HAL_QSPI_MspInit
                0x0000000008001e10       0x88 Core/Src/stm32l4xx_hal_msp.o
                0x0000000008001e10                HAL_QSPI_MspInit
 .text.HAL_TIM_Base_MspInit
                0x0000000008001e98       0x4c Core/Src/stm32l4xx_hal_msp.o
                0x0000000008001e98                HAL_TIM_Base_MspInit
 .text.HAL_UART_MspInit
                0x0000000008001ee4       0x88 Core/Src/stm32l4xx_hal_msp.o
                0x0000000008001ee4                HAL_UART_MspInit
 .text.NMI_Handler
                0x0000000008001f6c        0xe Core/Src/stm32l4xx_it.o
                0x0000000008001f6c                NMI_Handler
 .text.HardFault_Handler
                0x0000000008001f7a        0x6 Core/Src/stm32l4xx_it.o
                0x0000000008001f7a                HardFault_Handler
 .text.MemManage_Handler
                0x0000000008001f80        0x6 Core/Src/stm32l4xx_it.o
                0x0000000008001f80                MemManage_Handler
 .text.BusFault_Handler
                0x0000000008001f86        0x6 Core/Src/stm32l4xx_it.o
                0x0000000008001f86                BusFault_Handler
 .text.UsageFault_Handler
                0x0000000008001f8c        0x6 Core/Src/stm32l4xx_it.o
                0x0000000008001f8c                UsageFault_Handler
 .text.SVC_Handler
                0x0000000008001f92        0xe Core/Src/stm32l4xx_it.o
                0x0000000008001f92                SVC_Handler
 .text.DebugMon_Handler
                0x0000000008001fa0        0xe Core/Src/stm32l4xx_it.o
                0x0000000008001fa0                DebugMon_Handler
 .text.PendSV_Handler
                0x0000000008001fae        0xe Core/Src/stm32l4xx_it.o
                0x0000000008001fae                PendSV_Handler
 .text.SysTick_Handler
                0x0000000008001fbc        0xc Core/Src/stm32l4xx_it.o
                0x0000000008001fbc                SysTick_Handler
 .text.ADC1_2_IRQHandler
                0x0000000008001fc8       0x14 Core/Src/stm32l4xx_it.o
                0x0000000008001fc8                ADC1_2_IRQHandler
 .text.OTG_FS_IRQHandler
                0x0000000008001fdc       0x14 Core/Src/stm32l4xx_it.o
                0x0000000008001fdc                OTG_FS_IRQHandler
 .text._sbrk    0x0000000008001ff0       0x58 Core/Src/sysmem.o
                0x0000000008001ff0                _sbrk
 .text.SystemInit
                0x0000000008002048       0x6c Core/Src/system_stm32l4xx.o
                0x0000000008002048                SystemInit
 .text.Reset_Handler
                0x00000000080020b4       0x50 Core/Startup/startup_stm32l476vgtx.o
                0x00000000080020b4                Reset_Handler
 .text.Default_Handler
                0x0000000008002104        0x2 Core/Startup/startup_stm32l476vgtx.o
                0x0000000008002104                RTC_Alarm_IRQHandler
                0x0000000008002104                EXTI2_IRQHandler
                0x0000000008002104                TIM8_TRG_COM_IRQHandler
                0x0000000008002104                TIM8_CC_IRQHandler
                0x0000000008002104                TIM1_CC_IRQHandler
                0x0000000008002104                TSC_IRQHandler
                0x0000000008002104                TAMP_STAMP_IRQHandler
                0x0000000008002104                EXTI3_IRQHandler
                0x0000000008002104                LPTIM2_IRQHandler
                0x0000000008002104                DFSDM1_FLT1_IRQHandler
                0x0000000008002104                I2C3_ER_IRQHandler
                0x0000000008002104                DFSDM1_FLT2_IRQHandler
                0x0000000008002104                EXTI0_IRQHandler
                0x0000000008002104                I2C2_EV_IRQHandler
                0x0000000008002104                CAN1_RX0_IRQHandler
                0x0000000008002104                FPU_IRQHandler
                0x0000000008002104                TIM1_UP_TIM16_IRQHandler
                0x0000000008002104                SPI1_IRQHandler
                0x0000000008002104                TIM6_DAC_IRQHandler
                0x0000000008002104                TIM8_UP_IRQHandler
                0x0000000008002104                DMA2_Channel2_IRQHandler
                0x0000000008002104                DMA1_Channel4_IRQHandler
                0x0000000008002104                SAI2_IRQHandler
                0x0000000008002104                DFSDM1_FLT3_IRQHandler
                0x0000000008002104                USART3_IRQHandler
                0x0000000008002104                DMA1_Channel7_IRQHandler
                0x0000000008002104                CAN1_RX1_IRQHandler
                0x0000000008002104                LCD_IRQHandler
                0x0000000008002104                UART5_IRQHandler
                0x0000000008002104                ADC3_IRQHandler
                0x0000000008002104                DMA2_Channel1_IRQHandler
                0x0000000008002104                QUADSPI_IRQHandler
                0x0000000008002104                I2C1_EV_IRQHandler
                0x0000000008002104                DMA1_Channel6_IRQHandler
                0x0000000008002104                UART4_IRQHandler
                0x0000000008002104                DMA2_Channel4_IRQHandler
                0x0000000008002104                TIM3_IRQHandler
                0x0000000008002104                RCC_IRQHandler
                0x0000000008002104                DMA1_Channel1_IRQHandler
                0x0000000008002104                Default_Handler
                0x0000000008002104                DMA2_Channel7_IRQHandler
                0x0000000008002104                EXTI15_10_IRQHandler
                0x0000000008002104                TIM7_IRQHandler
                0x0000000008002104                SDMMC1_IRQHandler
                0x0000000008002104                TIM5_IRQHandler
                0x0000000008002104                I2C3_EV_IRQHandler
                0x0000000008002104                EXTI9_5_IRQHandler
                0x0000000008002104                RTC_WKUP_IRQHandler
                0x0000000008002104                PVD_PVM_IRQHandler
                0x0000000008002104                SPI2_IRQHandler
                0x0000000008002104                CAN1_TX_IRQHandler
                0x0000000008002104                DMA2_Channel5_IRQHandler
                0x0000000008002104                DMA1_Channel5_IRQHandler
                0x0000000008002104                EXTI4_IRQHandler
                0x0000000008002104                RNG_IRQHandler
                0x0000000008002104                TIM1_TRG_COM_TIM17_IRQHandler
                0x0000000008002104                DMA1_Channel3_IRQHandler
                0x0000000008002104                COMP_IRQHandler
                0x0000000008002104                WWDG_IRQHandler
                0x0000000008002104                LPUART1_IRQHandler
                0x0000000008002104                DMA2_Channel6_IRQHandler
                0x0000000008002104                TIM2_IRQHandler
                0x0000000008002104                EXTI1_IRQHandler
                0x0000000008002104                USART2_IRQHandler
                0x0000000008002104                DFSDM1_FLT0_IRQHandler
                0x0000000008002104                I2C2_ER_IRQHandler
                0x0000000008002104                DMA1_Channel2_IRQHandler
                0x0000000008002104                TIM8_BRK_IRQHandler
                0x0000000008002104                CAN1_SCE_IRQHandler
                0x0000000008002104                FLASH_IRQHandler
                0x0000000008002104                USART1_IRQHandler
                0x0000000008002104                SPI3_IRQHandler
                0x0000000008002104                I2C1_ER_IRQHandler
                0x0000000008002104                FMC_IRQHandler
                0x0000000008002104                SWPMI1_IRQHandler
                0x0000000008002104                LPTIM1_IRQHandler
                0x0000000008002104                SAI1_IRQHandler
                0x0000000008002104                DMA2_Channel3_IRQHandler
                0x0000000008002104                TIM1_BRK_TIM15_IRQHandler
 *fill*         0x0000000008002106        0x2 
 .text.BSP_JOY_GetState
                0x0000000008002108       0x4c Drivers/STM32L476G-Discovery/stm32l476g_discovery.o
                0x0000000008002108                BSP_JOY_GetState
 .text.BSP_LCD_GLASS_Init
                0x0000000008002154       0x74 Drivers/STM32L476G-Discovery/stm32l476g_discovery_glass_lcd.o
                0x0000000008002154                BSP_LCD_GLASS_Init
 .text.BSP_LCD_GLASS_DisplayString
                0x00000000080021c8       0x48 Drivers/STM32L476G-Discovery/stm32l476g_discovery_glass_lcd.o
                0x00000000080021c8                BSP_LCD_GLASS_DisplayString
 .text.BSP_LCD_GLASS_Clear
                0x0000000008002210       0x14 Drivers/STM32L476G-Discovery/stm32l476g_discovery_glass_lcd.o
                0x0000000008002210                BSP_LCD_GLASS_Clear
 .text.LCD_MspInit
                0x0000000008002224      0x18c Drivers/STM32L476G-Discovery/stm32l476g_discovery_glass_lcd.o
 .text.Convert  0x00000000080023b0      0x194 Drivers/STM32L476G-Discovery/stm32l476g_discovery_glass_lcd.o
 .text.WriteChar
                0x0000000008002544      0x700 Drivers/STM32L476G-Discovery/stm32l476g_discovery_glass_lcd.o
 .text.HAL_Init
                0x0000000008002c44       0x40 Drivers/STM32L4xx_HAL_Driver/Src/stm32l4xx_hal.o
                0x0000000008002c44                HAL_Init
 .text.HAL_InitTick
                0x0000000008002c84       0x74 Drivers/STM32L4xx_HAL_Driver/Src/stm32l4xx_hal.o
                0x0000000008002c84                HAL_InitTick
 .text.HAL_IncTick
                0x0000000008002cf8       0x24 Drivers/STM32L4xx_HAL_Driver/Src/stm32l4xx_hal.o
                0x0000000008002cf8                HAL_IncTick
 .text.HAL_GetTick
                0x0000000008002d1c       0x18 Drivers/STM32L4xx_HAL_Driver/Src/stm32l4xx_hal.o
                0x0000000008002d1c                HAL_GetTick
 .text.HAL_Delay
                0x0000000008002d34       0x44 Drivers/STM32L4xx_HAL_Driver/Src/stm32l4xx_hal.o
                0x0000000008002d34                HAL_Delay
 .text.LL_ADC_REG_IsTriggerSourceSWStart
                0x0000000008002d78       0x26 Drivers/STM32L4xx_HAL_Driver/Src/stm32l4xx_hal_adc.o
 .text.LL_ADC_INJ_IsTriggerSourceSWStart
                0x0000000008002d9e       0x26 Drivers/STM32L4xx_HAL_Driver/Src/stm32l4xx_hal_adc.o
 .text.LL_ADC_GetMultimode
                0x0000000008002dc4       0x1c Drivers/STM32L4xx_HAL_Driver/Src/stm32l4xx_hal_adc.o
 .text.LL_ADC_GetMultiDMATransfer
                0x0000000008002de0       0x1c Drivers/STM32L4xx_HAL_Driver/Src/stm32l4xx_hal_adc.o
 .text.LL_ADC_Enable
                0x0000000008002dfc       0x28 Drivers/STM32L4xx_HAL_Driver/Src/stm32l4xx_hal_adc.o
 .text.LL_ADC_Disable
                0x0000000008002e24       0x28 Drivers/STM32L4xx_HAL_Driver/Src/stm32l4xx_hal_adc.o
 .text.LL_ADC_IsEnabled
                0x0000000008002e4c       0x26 Drivers/STM32L4xx_HAL_Driver/Src/stm32l4xx_hal_adc.o
 .text.LL_ADC_IsDisableOngoing
                0x0000000008002e72       0x26 Drivers/STM32L4xx_HAL_Driver/Src/stm32l4xx_hal_adc.o
 .text.LL_ADC_REG_StartConversion
                0x0000000008002e98       0x28 Drivers/STM32L4xx_HAL_Driver/Src/stm32l4xx_hal_adc.o
 .text.LL_ADC_REG_StopConversion
                0x0000000008002ec0       0x28 Drivers/STM32L4xx_HAL_Driver/Src/stm32l4xx_hal_adc.o
 .text.LL_ADC_REG_IsConversionOngoing
                0x0000000008002ee8       0x26 Drivers/STM32L4xx_HAL_Driver/Src/stm32l4xx_hal_adc.o
 .text.LL_ADC_INJ_StopConversion
                0x0000000008002f0e       0x28 Drivers/STM32L4xx_HAL_Driver/Src/stm32l4xx_hal_adc.o
 .text.LL_ADC_INJ_IsConversionOngoing
                0x0000000008002f36       0x26 Drivers/STM32L4xx_HAL_Driver/Src/stm32l4xx_hal_adc.o
 .text.HAL_ADC_Start
                0x0000000008002f5c      0x174 Drivers/STM32L4xx_HAL_Driver/Src/stm32l4xx_hal_adc.o
                0x0000000008002f5c                HAL_ADC_Start
 .text.HAL_ADC_Stop
                0x00000000080030d0       0x66 Drivers/STM32L4xx_HAL_Driver/Src/stm32l4xx_hal_adc.o
                0x00000000080030d0                HAL_ADC_Stop
 *fill*         0x0000000008003136        0x2 
 .text.HAL_ADC_PollForConversion
                0x0000000008003138      0x1a0 Drivers/STM32L4xx_HAL_Driver/Src/stm32l4xx_hal_adc.o
                0x0000000008003138                HAL_ADC_PollForConversion
 .text.HAL_ADC_GetValue
                0x00000000080032d8       0x1a Drivers/STM32L4xx_HAL_Driver/Src/stm32l4xx_hal_adc.o
                0x00000000080032d8                HAL_ADC_GetValue
 *fill*         0x00000000080032f2        0x2 
 .text.HAL_ADC_IRQHandler
                0x00000000080032f4      0x434 Drivers/STM32L4xx_HAL_Driver/Src/stm32l4xx_hal_adc.o
                0x00000000080032f4                HAL_ADC_IRQHandler
 .text.HAL_ADC_ConvCpltCallback
                0x0000000008003728       0x14 Drivers/STM32L4xx_HAL_Driver/Src/stm32l4xx_hal_adc.o
                0x0000000008003728                HAL_ADC_ConvCpltCallback
 .text.HAL_ADC_LevelOutOfWindowCallback
                0x000000000800373c       0x14 Drivers/STM32L4xx_HAL_Driver/Src/stm32l4xx_hal_adc.o
                0x000000000800373c                HAL_ADC_LevelOutOfWindowCallback
 .text.HAL_ADC_ErrorCallback
                0x0000000008003750       0x14 Drivers/STM32L4xx_HAL_Driver/Src/stm32l4xx_hal_adc.o
                0x0000000008003750                HAL_ADC_ErrorCallback
 .text.ADC_ConversionStop
                0x0000000008003764      0x168 Drivers/STM32L4xx_HAL_Driver/Src/stm32l4xx_hal_adc.o
                0x0000000008003764                ADC_ConversionStop
 .text.ADC_Enable
                0x00000000080038cc       0xb4 Drivers/STM32L4xx_HAL_Driver/Src/stm32l4xx_hal_adc.o
                0x00000000080038cc                ADC_Enable
 .text.ADC_Disable
                0x0000000008003980       0xb0 Drivers/STM32L4xx_HAL_Driver/Src/stm32l4xx_hal_adc.o
                0x0000000008003980                ADC_Disable
 .text.HAL_ADCEx_InjectedConvCpltCallback
                0x0000000008003a30       0x14 Drivers/STM32L4xx_HAL_Driver/Src/stm32l4xx_hal_adc_ex.o
                0x0000000008003a30                HAL_ADCEx_InjectedConvCpltCallback
 .text.HAL_ADCEx_InjectedQueueOverflowCallback
                0x0000000008003a44       0x14 Drivers/STM32L4xx_HAL_Driver/Src/stm32l4xx_hal_adc_ex.o
                0x0000000008003a44                HAL_ADCEx_InjectedQueueOverflowCallback
 .text.HAL_ADCEx_LevelOutOfWindow2Callback
                0x0000000008003a58       0x14 Drivers/STM32L4xx_HAL_Driver/Src/stm32l4xx_hal_adc_ex.o
                0x0000000008003a58                HAL_ADCEx_LevelOutOfWindow2Callback
 .text.HAL_ADCEx_LevelOutOfWindow3Callback
                0x0000000008003a6c       0x14 Drivers/STM32L4xx_HAL_Driver/Src/stm32l4xx_hal_adc_ex.o
                0x0000000008003a6c                HAL_ADCEx_LevelOutOfWindow3Callback
 .text.HAL_ADCEx_EndOfSamplingCallback
                0x0000000008003a80       0x14 Drivers/STM32L4xx_HAL_Driver/Src/stm32l4xx_hal_adc_ex.o
                0x0000000008003a80                HAL_ADCEx_EndOfSamplingCallback
 .text.__NVIC_SetPriorityGrouping
                0x0000000008003a94       0x48 Drivers/STM32L4xx_HAL_Driver/Src/stm32l4xx_hal_cortex.o
 .text.__NVIC_GetPriorityGrouping
                0x0000000008003adc       0x1c Drivers/STM32L4xx_HAL_Driver/Src/stm32l4xx_hal_cortex.o
 .text.__NVIC_EnableIRQ
                0x0000000008003af8       0x3c Drivers/STM32L4xx_HAL_Driver/Src/stm32l4xx_hal_cortex.o
 .text.__NVIC_SetPriority
                0x0000000008003b34       0x54 Drivers/STM32L4xx_HAL_Driver/Src/stm32l4xx_hal_cortex.o
 .text.NVIC_EncodePriority
                0x0000000008003b88       0x66 Drivers/STM32L4xx_HAL_Driver/Src/stm32l4xx_hal_cortex.o
 *fill*         0x0000000008003bee        0x2 
 .text.SysTick_Config
                0x0000000008003bf0       0x44 Drivers/STM32L4xx_HAL_Driver/Src/stm32l4xx_hal_cortex.o
 .text.HAL_NVIC_SetPriorityGrouping
                0x0000000008003c34       0x16 Drivers/STM32L4xx_HAL_Driver/Src/stm32l4xx_hal_cortex.o
                0x0000000008003c34                HAL_NVIC_SetPriorityGrouping
 .text.HAL_NVIC_SetPriority
                0x0000000008003c4a       0x38 Drivers/STM32L4xx_HAL_Driver/Src/stm32l4xx_hal_cortex.o
                0x0000000008003c4a                HAL_NVIC_SetPriority
 .text.HAL_NVIC_EnableIRQ
                0x0000000008003c82       0x1c Drivers/STM32L4xx_HAL_Driver/Src/stm32l4xx_hal_cortex.o
                0x0000000008003c82                HAL_NVIC_EnableIRQ
 .text.HAL_SYSTICK_Config
                0x0000000008003c9e       0x18 Drivers/STM32L4xx_HAL_Driver/Src/stm32l4xx_hal_cortex.o
                0x0000000008003c9e                HAL_SYSTICK_Config
 *fill*         0x0000000008003cb6        0x2 
 .text.HAL_GPIO_Init
                0x0000000008003cb8      0x350 Drivers/STM32L4xx_HAL_Driver/Src/stm32l4xx_hal_gpio.o
                0x0000000008003cb8                HAL_GPIO_Init
 .text.HAL_GPIO_ReadPin
                0x0000000008004008       0x30 Drivers/STM32L4xx_HAL_Driver/Src/stm32l4xx_hal_gpio.o
                0x0000000008004008                HAL_GPIO_ReadPin
 .text.HAL_GPIO_WritePin
                0x0000000008004038       0x30 Drivers/STM32L4xx_HAL_Driver/Src/stm32l4xx_hal_gpio.o
                0x0000000008004038                HAL_GPIO_WritePin
 .text.HAL_GPIO_TogglePin
                0x0000000008004068       0x32 Drivers/STM32L4xx_HAL_Driver/Src/stm32l4xx_hal_gpio.o
                0x0000000008004068                HAL_GPIO_TogglePin
 .text.HAL_HCD_Init
                0x000000000800409a       0xc4 Drivers/STM32L4xx_HAL_Driver/Src/stm32l4xx_hal_hcd.o
                0x000000000800409a                HAL_HCD_Init
 .text.HAL_HCD_HC_Init
                0x000000000800415e      0x130 Drivers/STM32L4xx_HAL_Driver/Src/stm32l4xx_hal_hcd.o
                0x000000000800415e                HAL_HCD_HC_Init
 .text.HAL_HCD_HC_Halt
                0x000000000800428e       0x46 Drivers/STM32L4xx_HAL_Driver/Src/stm32l4xx_hal_hcd.o
                0x000000000800428e                HAL_HCD_HC_Halt
 .text.HAL_HCD_HC_SubmitRequest
                0x00000000080042d4      0x2c8 Drivers/STM32L4xx_HAL_Driver/Src/stm32l4xx_hal_hcd.o
                0x00000000080042d4                HAL_HCD_HC_SubmitRequest
 .text.HAL_HCD_IRQHandler
                0x000000000800459c      0x20c Drivers/STM32L4xx_HAL_Driver/Src/stm32l4xx_hal_hcd.o
                0x000000000800459c                HAL_HCD_IRQHandler
 .text.HAL_HCD_Start
                0x00000000080047a8       0x46 Drivers/STM32L4xx_HAL_Driver/Src/stm32l4xx_hal_hcd.o
                0x00000000080047a8                HAL_HCD_Start
 .text.HAL_HCD_Stop
                0x00000000080047ee       0x3a Drivers/STM32L4xx_HAL_Driver/Src/stm32l4xx_hal_hcd.o
                0x00000000080047ee                HAL_HCD_Stop
 .text.HAL_HCD_HC_GetURBState
                0x0000000008004828       0x2a Drivers/STM32L4xx_HAL_Driver/Src/stm32l4xx_hal_hcd.o
                0x0000000008004828                HAL_HCD_HC_GetURBState
 .text.HAL_HCD_HC_GetXferCount
                0x0000000008004852       0x2a Drivers/STM32L4xx_HAL_Driver/Src/stm32l4xx_hal_hcd.o
                0x0000000008004852                HAL_HCD_HC_GetXferCount
 .text.HAL_HCD_GetCurrentFrame
                0x000000000800487c       0x1c Drivers/STM32L4xx_HAL_Driver/Src/stm32l4xx_hal_hcd.o
                0x000000000800487c                HAL_HCD_GetCurrentFrame
 .text.HCD_HC_IN_IRQHandler
                0x0000000008004898      0x6e6 Drivers/STM32L4xx_HAL_Driver/Src/stm32l4xx_hal_hcd.o
 .text.HCD_HC_OUT_IRQHandler
                0x0000000008004f7e      0x6aa Drivers/STM32L4xx_HAL_Driver/Src/stm32l4xx_hal_hcd.o
 .text.HCD_RXQLVL_IRQHandler
                0x0000000008005628      0x158 Drivers/STM32L4xx_HAL_Driver/Src/stm32l4xx_hal_hcd.o
 .text.HCD_Port_IRQHandler
                0x0000000008005780      0x120 Drivers/STM32L4xx_HAL_Driver/Src/stm32l4xx_hal_hcd.o
 .text.HAL_LCD_Init
                0x00000000080058a0      0x180 Drivers/STM32L4xx_HAL_Driver/Src/stm32l4xx_hal_lcd.o
                0x00000000080058a0                HAL_LCD_Init
 .text.HAL_LCD_Write
                0x0000000008005a20       0xb6 Drivers/STM32L4xx_HAL_Driver/Src/stm32l4xx_hal_lcd.o
                0x0000000008005a20                HAL_LCD_Write
 .text.HAL_LCD_Clear
                0x0000000008005ad6       0xac Drivers/STM32L4xx_HAL_Driver/Src/stm32l4xx_hal_lcd.o
                0x0000000008005ad6                HAL_LCD_Clear
 .text.HAL_LCD_UpdateDisplayRequest
                0x0000000008005b82       0x72 Drivers/STM32L4xx_HAL_Driver/Src/stm32l4xx_hal_lcd.o
                0x0000000008005b82                HAL_LCD_UpdateDisplayRequest
 .text.LCD_WaitForSynchro
                0x0000000008005bf4       0x42 Drivers/STM32L4xx_HAL_Driver/Src/stm32l4xx_hal_lcd.o
                0x0000000008005bf4                LCD_WaitForSynchro
 *fill*         0x0000000008005c36        0x2 
 .text.HAL_PWR_EnableBkUpAccess
                0x0000000008005c38       0x20 Drivers/STM32L4xx_HAL_Driver/Src/stm32l4xx_hal_pwr.o
                0x0000000008005c38                HAL_PWR_EnableBkUpAccess
 .text.HAL_PWREx_GetVoltageRange
                0x0000000008005c58       0x1c Drivers/STM32L4xx_HAL_Driver/Src/stm32l4xx_hal_pwr_ex.o
                0x0000000008005c58                HAL_PWREx_GetVoltageRange
 .text.HAL_PWREx_ControlVoltageScaling
                0x0000000008005c74       0xac Drivers/STM32L4xx_HAL_Driver/Src/stm32l4xx_hal_pwr_ex.o
                0x0000000008005c74                HAL_PWREx_ControlVoltageScaling
 .text.HAL_PWREx_EnableVddUSB
                0x0000000008005d20       0x20 Drivers/STM32L4xx_HAL_Driver/Src/stm32l4xx_hal_pwr_ex.o
                0x0000000008005d20                HAL_PWREx_EnableVddUSB
 .text.HAL_QSPI_Init
                0x0000000008005d40      0x104 Drivers/STM32L4xx_HAL_Driver/Src/stm32l4xx_hal_qspi.o
                0x0000000008005d40                HAL_QSPI_Init
 .text.HAL_QSPI_SetTimeout
                0x0000000008005e44       0x1c Drivers/STM32L4xx_HAL_Driver/Src/stm32l4xx_hal_qspi.o
                0x0000000008005e44                HAL_QSPI_SetTimeout
 .text.QSPI_WaitFlagStateUntilTimeout
                0x0000000008005e60       0x6e Drivers/STM32L4xx_HAL_Driver/Src/stm32l4xx_hal_qspi.o
 *fill*         0x0000000008005ece        0x2 
 .text.HAL_RCC_OscConfig
                0x0000000008005ed0      0x760 Drivers/STM32L4xx_HAL_Driver/Src/stm32l4xx_hal_rcc.o
                0x0000000008005ed0                HAL_RCC_OscConfig
 .text.HAL_RCC_ClockConfig
                0x0000000008006630      0x1c4 Drivers/STM32L4xx_HAL_Driver/Src/stm32l4xx_hal_rcc.o
                0x0000000008006630                HAL_RCC_ClockConfig
 .text.HAL_RCC_GetSysClockFreq
                0x00000000080067f4      0x114 Drivers/STM32L4xx_HAL_Driver/Src/stm32l4xx_hal_rcc.o
                0x00000000080067f4                HAL_RCC_GetSysClockFreq
 .text.HAL_RCC_GetHCLKFreq
                0x0000000008006908       0x18 Drivers/STM32L4xx_HAL_Driver/Src/stm32l4xx_hal_rcc.o
                0x0000000008006908                HAL_RCC_GetHCLKFreq
 .text.HAL_RCC_GetPCLK1Freq
                0x0000000008006920       0x2c Drivers/STM32L4xx_HAL_Driver/Src/stm32l4xx_hal_rcc.o
                0x0000000008006920                HAL_RCC_GetPCLK1Freq
 .text.HAL_RCC_GetPCLK2Freq
                0x000000000800694c       0x2c Drivers/STM32L4xx_HAL_Driver/Src/stm32l4xx_hal_rcc.o
                0x000000000800694c                HAL_RCC_GetPCLK2Freq
 .text.RCC_SetFlashLatencyFromMSIRange
                0x0000000008006978       0xc0 Drivers/STM32L4xx_HAL_Driver/Src/stm32l4xx_hal_rcc.o
 .text.HAL_RCCEx_PeriphCLKConfig
                0x0000000008006a38      0x5cc Drivers/STM32L4xx_HAL_Driver/Src/stm32l4xx_hal_rcc_ex.o
                0x0000000008006a38                HAL_RCCEx_PeriphCLKConfig
 .text.HAL_RCCEx_EnableMSIPLLMode
                0x0000000008007004       0x20 Drivers/STM32L4xx_HAL_Driver/Src/stm32l4xx_hal_rcc_ex.o
                0x0000000008007004                HAL_RCCEx_EnableMSIPLLMode
 .text.RCCEx_PLLSAI1_Config
                0x0000000008007024      0x1e0 Drivers/STM32L4xx_HAL_Driver/Src/stm32l4xx_hal_rcc_ex.o
 .text.RCCEx_PLLSAI2_Config
                0x0000000008007204      0x1b4 Drivers/STM32L4xx_HAL_Driver/Src/stm32l4xx_hal_rcc_ex.o
 .text.HAL_TIM_Base_Init
                0x00000000080073b8       0x56 Drivers/STM32L4xx_HAL_Driver/Src/stm32l4xx_hal_tim.o
                0x00000000080073b8                HAL_TIM_Base_Init
 *fill*         0x000000000800740e        0x2 
 .text.TIM_Base_SetConfig
                0x0000000008007410      0x134 Drivers/STM32L4xx_HAL_Driver/Src/stm32l4xx_hal_tim.o
                0x0000000008007410                TIM_Base_SetConfig
 .text.HAL_UART_Init
                0x0000000008007544       0x9c Drivers/STM32L4xx_HAL_Driver/Src/stm32l4xx_hal_uart.o
                0x0000000008007544                HAL_UART_Init
 .text.HAL_UART_Transmit
                0x00000000080075e0      0x126 Drivers/STM32L4xx_HAL_Driver/Src/stm32l4xx_hal_uart.o
                0x00000000080075e0                HAL_UART_Transmit
 *fill*         0x0000000008007706        0x2 
 .text.UART_SetConfig
                0x0000000008007708      0x690 Drivers/STM32L4xx_HAL_Driver/Src/stm32l4xx_hal_uart.o
                0x0000000008007708                UART_SetConfig
 .text.UART_AdvFeatureConfig
                0x0000000008007d98      0x144 Drivers/STM32L4xx_HAL_Driver/Src/stm32l4xx_hal_uart.o
                0x0000000008007d98                UART_AdvFeatureConfig
 .text.UART_CheckIdleState
                0x0000000008007edc       0x8a Drivers/STM32L4xx_HAL_Driver/Src/stm32l4xx_hal_uart.o
                0x0000000008007edc                UART_CheckIdleState
 .text.UART_WaitOnFlagUntilTimeout
                0x0000000008007f66       0x90 Drivers/STM32L4xx_HAL_Driver/Src/stm32l4xx_hal_uart.o
                0x0000000008007f66                UART_WaitOnFlagUntilTimeout
 .text.USB_CoreInit
                0x0000000008007ff6       0xa4 Drivers/STM32L4xx_HAL_Driver/Src/stm32l4xx_ll_usb.o
                0x0000000008007ff6                USB_CoreInit
 .text.USB_EnableGlobalInt
                0x000000000800809a       0x22 Drivers/STM32L4xx_HAL_Driver/Src/stm32l4xx_ll_usb.o
                0x000000000800809a                USB_EnableGlobalInt
 .text.USB_DisableGlobalInt
                0x00000000080080bc       0x22 Drivers/STM32L4xx_HAL_Driver/Src/stm32l4xx_ll_usb.o
                0x00000000080080bc                USB_DisableGlobalInt
 .text.USB_SetCurrentMode
                0x00000000080080de       0x54 Drivers/STM32L4xx_HAL_Driver/Src/stm32l4xx_ll_usb.o
                0x00000000080080de                USB_SetCurrentMode
 *fill*         0x0000000008008132        0x2 
 .text.USB_FlushTxFifo
                0x0000000008008134       0x4c Drivers/STM32L4xx_HAL_Driver/Src/stm32l4xx_ll_usb.o
                0x0000000008008134                USB_FlushTxFifo
 .text.USB_FlushRxFifo
                0x0000000008008180       0x44 Drivers/STM32L4xx_HAL_Driver/Src/stm32l4xx_ll_usb.o
                0x0000000008008180                USB_FlushRxFifo
 .text.USB_WritePacket
                0x00000000080081c4       0x62 Drivers/STM32L4xx_HAL_Driver/Src/stm32l4xx_ll_usb.o
                0x00000000080081c4                USB_WritePacket
 .text.USB_ReadPacket
                0x0000000008008226       0x52 Drivers/STM32L4xx_HAL_Driver/Src/stm32l4xx_ll_usb.o
                0x0000000008008226                USB_ReadPacket
 .text.USB_ReadInterrupts
                0x0000000008008278       0x26 Drivers/STM32L4xx_HAL_Driver/Src/stm32l4xx_ll_usb.o
                0x0000000008008278                USB_ReadInterrupts
 .text.USB_GetMode
                0x000000000800829e       0x1c Drivers/STM32L4xx_HAL_Driver/Src/stm32l4xx_ll_usb.o
                0x000000000800829e                USB_GetMode
 *fill*         0x00000000080082ba        0x2 
 .text.USB_CoreReset
                0x00000000080082bc       0x68 Drivers/STM32L4xx_HAL_Driver/Src/stm32l4xx_ll_usb.o
 .text.USB_HostInit
                0x0000000008008324       0xfc Drivers/STM32L4xx_HAL_Driver/Src/stm32l4xx_ll_usb.o
                0x0000000008008324                USB_HostInit
 .text.USB_InitFSLSPClkSel
                0x0000000008008420       0x74 Drivers/STM32L4xx_HAL_Driver/Src/stm32l4xx_ll_usb.o
                0x0000000008008420                USB_InitFSLSPClkSel
 .text.USB_DriveVbus
                0x0000000008008494       0x72 Drivers/STM32L4xx_HAL_Driver/Src/stm32l4xx_ll_usb.o
                0x0000000008008494                USB_DriveVbus
 .text.USB_GetCurrentFrame
                0x0000000008008506       0x22 Drivers/STM32L4xx_HAL_Driver/Src/stm32l4xx_ll_usb.o
                0x0000000008008506                USB_GetCurrentFrame
 .text.USB_HC_Init
                0x0000000008008528      0x1e4 Drivers/STM32L4xx_HAL_Driver/Src/stm32l4xx_ll_usb.o
                0x0000000008008528                USB_HC_Init
 .text.USB_HC_StartXfer
                0x000000000800870c      0x200 Drivers/STM32L4xx_HAL_Driver/Src/stm32l4xx_ll_usb.o
                0x000000000800870c                USB_HC_StartXfer
 .text.USB_HC_ReadInterrupt
                0x000000000800890c       0x22 Drivers/STM32L4xx_HAL_Driver/Src/stm32l4xx_ll_usb.o
                0x000000000800890c                USB_HC_ReadInterrupt
 .text.USB_HC_Halt
                0x000000000800892e      0x1fe Drivers/STM32L4xx_HAL_Driver/Src/stm32l4xx_ll_usb.o
                0x000000000800892e                USB_HC_Halt
 .text.USB_StopHost
                0x0000000008008b2c      0x10c Drivers/STM32L4xx_HAL_Driver/Src/stm32l4xx_ll_usb.o
                0x0000000008008b2c                USB_StopHost
 .text.USBH_CDC_InterfaceInit
                0x0000000008008c38      0x282 Middlewares/ST/STM32_USB_Host_Library/Class/CDC/Src/usbh_cdc.o
 .text.USBH_CDC_InterfaceDeInit
                0x0000000008008eba       0xb2 Middlewares/ST/STM32_USB_Host_Library/Class/CDC/Src/usbh_cdc.o
 .text.USBH_CDC_ClassRequest
                0x0000000008008f6c       0x42 Middlewares/ST/STM32_USB_Host_Library/Class/CDC/Src/usbh_cdc.o
 *fill*         0x0000000008008fae        0x2 
 .text.USBH_CDC_Process
                0x0000000008008fb0      0x12c Middlewares/ST/STM32_USB_Host_Library/Class/CDC/Src/usbh_cdc.o
 .text.USBH_CDC_SOFProcess
                0x00000000080090dc       0x16 Middlewares/ST/STM32_USB_Host_Library/Class/CDC/Src/usbh_cdc.o
 .text.GetLineCoding
                0x00000000080090f2       0x3e Middlewares/ST/STM32_USB_Host_Library/Class/CDC/Src/usbh_cdc.o
 .text.SetLineCoding
                0x0000000008009130       0x3e Middlewares/ST/STM32_USB_Host_Library/Class/CDC/Src/usbh_cdc.o
 .text.CDC_ProcessTransmission
                0x000000000800916e       0xf0 Middlewares/ST/STM32_USB_Host_Library/Class/CDC/Src/usbh_cdc.o
 .text.CDC_ProcessReception
                0x000000000800925e       0xb6 Middlewares/ST/STM32_USB_Host_Library/Class/CDC/Src/usbh_cdc.o
 .text.USBH_CDC_TransmitCallback
                0x0000000008009314       0x14 Middlewares/ST/STM32_USB_Host_Library/Class/CDC/Src/usbh_cdc.o
                0x0000000008009314                USBH_CDC_TransmitCallback
 .text.USBH_CDC_ReceiveCallback
                0x0000000008009328       0x14 Middlewares/ST/STM32_USB_Host_Library/Class/CDC/Src/usbh_cdc.o
                0x0000000008009328                USBH_CDC_ReceiveCallback
 .text.USBH_CDC_LineCodingChanged
                0x000000000800933c       0x14 Middlewares/ST/STM32_USB_Host_Library/Class/CDC/Src/usbh_cdc.o
                0x000000000800933c                USBH_CDC_LineCodingChanged
 .text.USBH_Init
                0x0000000008009350       0x54 Middlewares/ST/STM32_USB_Host_Library/Core/Src/usbh_core.o
                0x0000000008009350                USBH_Init
 .text.DeInitStateMachine
                0x00000000080093a4       0x92 Middlewares/ST/STM32_USB_Host_Library/Core/Src/usbh_core.o
 .text.USBH_RegisterClass
                0x0000000008009436       0x56 Middlewares/ST/STM32_USB_Host_Library/Core/Src/usbh_core.o
                0x0000000008009436                USBH_RegisterClass
 .text.USBH_SelectInterface
                0x000000000800948c       0x38 Middlewares/ST/STM32_USB_Host_Library/Core/Src/usbh_core.o
                0x000000000800948c                USBH_SelectInterface
 .text.USBH_FindInterface
                0x00000000080094c4       0x8c Middlewares/ST/STM32_USB_Host_Library/Core/Src/usbh_core.o
                0x00000000080094c4                USBH_FindInterface
 .text.USBH_Start
                0x0000000008009550       0x20 Middlewares/ST/STM32_USB_Host_Library/Core/Src/usbh_core.o
                0x0000000008009550                USBH_Start
 .text.USBH_LL_SetTimer
                0x0000000008009570       0x1e Middlewares/ST/STM32_USB_Host_Library/Core/Src/usbh_core.o
                0x0000000008009570                USBH_LL_SetTimer
 .text.USBH_LL_IncTimer
                0x000000000800958e       0x24 Middlewares/ST/STM32_USB_Host_Library/Core/Src/usbh_core.o
                0x000000000800958e                USBH_LL_IncTimer
 .text.USBH_HandleSof
                0x00000000080095b2       0x30 Middlewares/ST/STM32_USB_Host_Library/Core/Src/usbh_core.o
 .text.USBH_LL_PortEnabled
                0x00000000080095e2       0x1c Middlewares/ST/STM32_USB_Host_Library/Core/Src/usbh_core.o
                0x00000000080095e2                USBH_LL_PortEnabled
 .text.USBH_LL_PortDisabled
                0x00000000080095fe       0x1c Middlewares/ST/STM32_USB_Host_Library/Core/Src/usbh_core.o
                0x00000000080095fe                USBH_LL_PortDisabled
 .text.USBH_LL_Connect
                0x000000000800961a       0x4c Middlewares/ST/STM32_USB_Host_Library/Core/Src/usbh_core.o
                0x000000000800961a                USBH_LL_Connect
 .text.USBH_LL_Disconnect
                0x0000000008009666       0x5a Middlewares/ST/STM32_USB_Host_Library/Core/Src/usbh_core.o
                0x0000000008009666                USBH_LL_Disconnect
 .text.USBH_ClrFeature
                0x00000000080096c0       0x48 Middlewares/ST/STM32_USB_Host_Library/Core/Src/usbh_ctlreq.o
                0x00000000080096c0                USBH_ClrFeature
 .text.USBH_CtlReq
                0x0000000008009708       0x94 Middlewares/ST/STM32_USB_Host_Library/Core/Src/usbh_ctlreq.o
                0x0000000008009708                USBH_CtlReq
 .text.USBH_HandleControl
                0x000000000800979c      0x2d4 Middlewares/ST/STM32_USB_Host_Library/Core/Src/usbh_ctlreq.o
 .text.USBH_CtlSendSetup
                0x0000000008009a70       0x34 Middlewares/ST/STM32_USB_Host_Library/Core/Src/usbh_ioreq.o
                0x0000000008009a70                USBH_CtlSendSetup
 .text.USBH_CtlSendData
                0x0000000008009aa4       0x4a Middlewares/ST/STM32_USB_Host_Library/Core/Src/usbh_ioreq.o
                0x0000000008009aa4                USBH_CtlSendData
 .text.USBH_CtlReceiveData
                0x0000000008009aee       0x3c Middlewares/ST/STM32_USB_Host_Library/Core/Src/usbh_ioreq.o
                0x0000000008009aee                USBH_CtlReceiveData
 .text.USBH_BulkSendData
                0x0000000008009b2a       0x4a Middlewares/ST/STM32_USB_Host_Library/Core/Src/usbh_ioreq.o
                0x0000000008009b2a                USBH_BulkSendData
 .text.USBH_BulkReceiveData
                0x0000000008009b74       0x3c Middlewares/ST/STM32_USB_Host_Library/Core/Src/usbh_ioreq.o
                0x0000000008009b74                USBH_BulkReceiveData
 .text.USBH_OpenPipe
                0x0000000008009bb0       0x3e Middlewares/ST/STM32_USB_Host_Library/Core/Src/usbh_pipes.o
                0x0000000008009bb0                USBH_OpenPipe
 .text.USBH_ClosePipe
                0x0000000008009bee       0x20 Middlewares/ST/STM32_USB_Host_Library/Core/Src/usbh_pipes.o
                0x0000000008009bee                USBH_ClosePipe
 .text.USBH_AllocPipe
                0x0000000008009c0e       0x3c Middlewares/ST/STM32_USB_Host_Library/Core/Src/usbh_pipes.o
                0x0000000008009c0e                USBH_AllocPipe
 .text.USBH_FreePipe
                0x0000000008009c4a       0x38 Middlewares/ST/STM32_USB_Host_Library/Core/Src/usbh_pipes.o
                0x0000000008009c4a                USBH_FreePipe
 .text.USBH_GetFreePipe
                0x0000000008009c82       0x46 Middlewares/ST/STM32_USB_Host_Library/Core/Src/usbh_pipes.o
 .text.MX_USB_HOST_Init
                0x0000000008009cc8       0x4c USB_HOST/App/usb_host.o
                0x0000000008009cc8                MX_USB_HOST_Init
 .text.USBH_UserProcess
                0x0000000008009d14       0x5c USB_HOST/App/usb_host.o
 .text.HAL_HCD_MspInit
                0x0000000008009d70       0xcc USB_HOST/Target/usbh_conf.o
                0x0000000008009d70                HAL_HCD_MspInit
 .text.HAL_HCD_SOF_Callback
                0x0000000008009e3c       0x1c USB_HOST/Target/usbh_conf.o
                0x0000000008009e3c                HAL_HCD_SOF_Callback
 .text.HAL_HCD_Connect_Callback
                0x0000000008009e58       0x1c USB_HOST/Target/usbh_conf.o
                0x0000000008009e58                HAL_HCD_Connect_Callback
 .text.HAL_HCD_Disconnect_Callback
                0x0000000008009e74       0x1c USB_HOST/Target/usbh_conf.o
                0x0000000008009e74                HAL_HCD_Disconnect_Callback
 .text.HAL_HCD_HC_NotifyURBChange_Callback
                0x0000000008009e90       0x1c USB_HOST/Target/usbh_conf.o
                0x0000000008009e90                HAL_HCD_HC_NotifyURBChange_Callback
 .text.HAL_HCD_PortEnabled_Callback
                0x0000000008009eac       0x1c USB_HOST/Target/usbh_conf.o
                0x0000000008009eac                HAL_HCD_PortEnabled_Callback
 .text.HAL_HCD_PortDisabled_Callback
                0x0000000008009ec8       0x1c USB_HOST/Target/usbh_conf.o
                0x0000000008009ec8                HAL_HCD_PortDisabled_Callback
 .text.USBH_LL_Init
                0x0000000008009ee4       0x78 USB_HOST/Target/usbh_conf.o
                0x0000000008009ee4                USBH_LL_Init
 .text.USBH_LL_Start
                0x0000000008009f5c       0x36 USB_HOST/Target/usbh_conf.o
                0x0000000008009f5c                USBH_LL_Start
 .text.USBH_LL_Stop
                0x0000000008009f92       0x36 USB_HOST/Target/usbh_conf.o
                0x0000000008009f92                USBH_LL_Stop
 .text.USBH_LL_GetLastXferSize
                0x0000000008009fc8       0x26 USB_HOST/Target/usbh_conf.o
                0x0000000008009fc8                USBH_LL_GetLastXferSize
 .text.USBH_LL_OpenPipe
                0x0000000008009fee       0x5e USB_HOST/Target/usbh_conf.o
                0x0000000008009fee                USBH_LL_OpenPipe
 .text.USBH_LL_ClosePipe
                0x000000000800a04c       0x3e USB_HOST/Target/usbh_conf.o
                0x000000000800a04c                USBH_LL_ClosePipe
 .text.USBH_LL_SubmitURB
                0x000000000800a08a       0x62 USB_HOST/Target/usbh_conf.o
                0x000000000800a08a                USBH_LL_SubmitURB
 .text.USBH_LL_GetURBState
                0x000000000800a0ec       0x26 USB_HOST/Target/usbh_conf.o
                0x000000000800a0ec                USBH_LL_GetURBState
 .text.USBH_LL_DriverVBUS
                0x000000000800a112       0x2e USB_HOST/Target/usbh_conf.o
                0x000000000800a112                USBH_LL_DriverVBUS
 .text.USBH_LL_SetToggle
                0x000000000800a140       0x66 USB_HOST/Target/usbh_conf.o
                0x000000000800a140                USBH_LL_SetToggle
 *fill*         0x000000000800a1a6        0x2 
 .text.USBH_Get_USB_Status
                0x000000000800a1a8       0x58 USB_HOST/Target/usbh_conf.o
                0x000000000800a1a8                USBH_Get_USB_Status
 .text.MX_DriverVbusFS
                0x000000000800a200       0x38 USB_HOST/Target/usbh_platform.o
                0x000000000800a200                MX_DriverVbusFS
 .text.arm_max_f32
                0x000000000800a238       0xd0 C:\Users\Laptop\Documents\Projects\STM32\lib\libarm_cortexM4lf_math.a(arm_max_f32.o)
                0x000000000800a238                arm_max_f32
 .text.arm_cfft_radix4_init_f32
                0x000000000800a308       0xcc C:\Users\Laptop\Documents\Projects\STM32\lib\libarm_cortexM4lf_math.a(arm_cfft_radix4_init_f32.o)
                0x000000000800a308                arm_cfft_radix4_init_f32
 .text.arm_radix4_butterfly_f32
                0x000000000800a3d4      0x394 C:\Users\Laptop\Documents\Projects\STM32\lib\libarm_cortexM4lf_math.a(arm_cfft_radix4_f32.o)
                0x000000000800a3d4                arm_radix4_butterfly_f32
 .text.arm_radix4_butterfly_inverse_f32
                0x000000000800a768      0x3b0 C:\Users\Laptop\Documents\Projects\STM32\lib\libarm_cortexM4lf_math.a(arm_cfft_radix4_f32.o)
                0x000000000800a768                arm_radix4_butterfly_inverse_f32
 .text.arm_cfft_radix4_f32
                0x000000000800ab18       0x40 C:\Users\Laptop\Documents\Projects\STM32\lib\libarm_cortexM4lf_math.a(arm_cfft_radix4_f32.o)
                0x000000000800ab18                arm_cfft_radix4_f32
 .text.arm_cmplx_mag_f32
                0x000000000800ab58      0x1d0 C:\Users\Laptop\Documents\Projects\STM32\lib\libarm_cortexM4lf_math.a(arm_cmplx_mag_f32.o)
                0x000000000800ab58                arm_cmplx_mag_f32
 .text.arm_bitreversal_f32
                0x000000000800ad28       0xe0 C:\Users\Laptop\Documents\Projects\STM32\lib\libarm_cortexM4lf_math.a(arm_bitreversal.o)
                0x000000000800ad28                arm_bitreversal_f32
 .text.__errno  0x000000000800ae08        0xc c:/st/stm32cubeide_1.0.2/stm32cubeide/plugins/com.st.stm32cube.ide.mcu.externaltools.gnu-tools-for-stm32.7-2018-q2-update.win32_1.0.0.201904181610/tools/bin/../lib/gcc/arm-none-eabi/7.3.1/../../../../arm-none-eabi/lib/thumb/v7e-m/fpv4-sp/hard\libc_nano.a(lib_a-errno.o)
                0x000000000800ae08                __errno
 .text.__libc_init_array
                0x000000000800ae14       0x48 c:/st/stm32cubeide_1.0.2/stm32cubeide/plugins/com.st.stm32cube.ide.mcu.externaltools.gnu-tools-for-stm32.7-2018-q2-update.win32_1.0.0.201904181610/tools/bin/../lib/gcc/arm-none-eabi/7.3.1/../../../../arm-none-eabi/lib/thumb/v7e-m/fpv4-sp/hard\libc_nano.a(lib_a-init.o)
                0x000000000800ae14                __libc_init_array
 .text.malloc   0x000000000800ae5c       0x10 c:/st/stm32cubeide_1.0.2/stm32cubeide/plugins/com.st.stm32cube.ide.mcu.externaltools.gnu-tools-for-stm32.7-2018-q2-update.win32_1.0.0.201904181610/tools/bin/../lib/gcc/arm-none-eabi/7.3.1/../../../../arm-none-eabi/lib/thumb/v7e-m/fpv4-sp/hard\libc_nano.a(lib_a-malloc.o)
                0x000000000800ae5c                malloc
 .text.free     0x000000000800ae6c       0x10 c:/st/stm32cubeide_1.0.2/stm32cubeide/plugins/com.st.stm32cube.ide.mcu.externaltools.gnu-tools-for-stm32.7-2018-q2-update.win32_1.0.0.201904181610/tools/bin/../lib/gcc/arm-none-eabi/7.3.1/../../../../arm-none-eabi/lib/thumb/v7e-m/fpv4-sp/hard\libc_nano.a(lib_a-malloc.o)
                0x000000000800ae6c                free
 .text.memcpy   0x000000000800ae7c       0x16 c:/st/stm32cubeide_1.0.2/stm32cubeide/plugins/com.st.stm32cube.ide.mcu.externaltools.gnu-tools-for-stm32.7-2018-q2-update.win32_1.0.0.201904181610/tools/bin/../lib/gcc/arm-none-eabi/7.3.1/../../../../arm-none-eabi/lib/thumb/v7e-m/fpv4-sp/hard\libc_nano.a(lib_a-memcpy-stub.o)
                0x000000000800ae7c                memcpy
 .text.memset   0x000000000800ae92       0x10 c:/st/stm32cubeide_1.0.2/stm32cubeide/plugins/com.st.stm32cube.ide.mcu.externaltools.gnu-tools-for-stm32.7-2018-q2-update.win32_1.0.0.201904181610/tools/bin/../lib/gcc/arm-none-eabi/7.3.1/../../../../arm-none-eabi/lib/thumb/v7e-m/fpv4-sp/hard\libc_nano.a(lib_a-memset.o)
                0x000000000800ae92                memset
 *fill*         0x000000000800aea2        0x2 
 .text._free_r  0x000000000800aea4       0x9c c:/st/stm32cubeide_1.0.2/stm32cubeide/plugins/com.st.stm32cube.ide.mcu.externaltools.gnu-tools-for-stm32.7-2018-q2-update.win32_1.0.0.201904181610/tools/bin/../lib/gcc/arm-none-eabi/7.3.1/../../../../arm-none-eabi/lib/thumb/v7e-m/fpv4-sp/hard\libc_nano.a(lib_a-nano-freer.o)
                0x000000000800aea4                _free_r
 .text._malloc_r
                0x000000000800af40       0xb4 c:/st/stm32cubeide_1.0.2/stm32cubeide/plugins/com.st.stm32cube.ide.mcu.externaltools.gnu-tools-for-stm32.7-2018-q2-update.win32_1.0.0.201904181610/tools/bin/../lib/gcc/arm-none-eabi/7.3.1/../../../../arm-none-eabi/lib/thumb/v7e-m/fpv4-sp/hard\libc_nano.a(lib_a-nano-mallocr.o)
                0x000000000800af40                _malloc_r
 .text.__cvt    0x000000000800aff4       0xc2 c:/st/stm32cubeide_1.0.2/stm32cubeide/plugins/com.st.stm32cube.ide.mcu.externaltools.gnu-tools-for-stm32.7-2018-q2-update.win32_1.0.0.201904181610/tools/bin/../lib/gcc/arm-none-eabi/7.3.1/../../../../arm-none-eabi/lib/thumb/v7e-m/fpv4-sp/hard\libc_nano.a(lib_a-nano-vfprintf_float.o)
                0x000000000800aff4                __cvt
 .text.__exponent
                0x000000000800b0b6       0x66 c:/st/stm32cubeide_1.0.2/stm32cubeide/plugins/com.st.stm32cube.ide.mcu.externaltools.gnu-tools-for-stm32.7-2018-q2-update.win32_1.0.0.201904181610/tools/bin/../lib/gcc/arm-none-eabi/7.3.1/../../../../arm-none-eabi/lib/thumb/v7e-m/fpv4-sp/hard\libc_nano.a(lib_a-nano-vfprintf_float.o)
                0x000000000800b0b6                __exponent
 .text._printf_float
                0x000000000800b11c      0x480 c:/st/stm32cubeide_1.0.2/stm32cubeide/plugins/com.st.stm32cube.ide.mcu.externaltools.gnu-tools-for-stm32.7-2018-q2-update.win32_1.0.0.201904181610/tools/bin/../lib/gcc/arm-none-eabi/7.3.1/../../../../arm-none-eabi/lib/thumb/v7e-m/fpv4-sp/hard\libc_nano.a(lib_a-nano-vfprintf_float.o)
                0x000000000800b11c                _printf_float
 .text._printf_common
                0x000000000800b59c       0xea c:/st/stm32cubeide_1.0.2/stm32cubeide/plugins/com.st.stm32cube.ide.mcu.externaltools.gnu-tools-for-stm32.7-2018-q2-update.win32_1.0.0.201904181610/tools/bin/../lib/gcc/arm-none-eabi/7.3.1/../../../../arm-none-eabi/lib/thumb/v7e-m/fpv4-sp/hard\libc_nano.a(lib_a-nano-vfprintf_i.o)
                0x000000000800b59c                _printf_common
 *fill*         0x000000000800b686        0x2 
 .text._sbrk_r  0x000000000800b688       0x20 c:/st/stm32cubeide_1.0.2/stm32cubeide/plugins/com.st.stm32cube.ide.mcu.externaltools.gnu-tools-for-stm32.7-2018-q2-update.win32_1.0.0.201904181610/tools/bin/../lib/gcc/arm-none-eabi/7.3.1/../../../../arm-none-eabi/lib/thumb/v7e-m/fpv4-sp/hard\libc_nano.a(lib_a-sbrkr.o)
                0x000000000800b688                _sbrk_r
 .text.quorem   0x000000000800b6a8      0x118 c:/st/stm32cubeide_1.0.2/stm32cubeide/plugins/com.st.stm32cube.ide.mcu.externaltools.gnu-tools-for-stm32.7-2018-q2-update.win32_1.0.0.201904181610/tools/bin/../lib/gcc/arm-none-eabi/7.3.1/../../../../arm-none-eabi/lib/thumb/v7e-m/fpv4-sp/hard\libc_nano.a(lib_a-dtoa.o)
 .text._dtoa_r  0x000000000800b7c0      0xb70 c:/st/stm32cubeide_1.0.2/stm32cubeide/plugins/com.st.stm32cube.ide.mcu.externaltools.gnu-tools-for-stm32.7-2018-q2-update.win32_1.0.0.201904181610/tools/bin/../lib/gcc/arm-none-eabi/7.3.1/../../../../arm-none-eabi/lib/thumb/v7e-m/fpv4-sp/hard\libc_nano.a(lib_a-dtoa.o)
                0x000000000800b7c0                _dtoa_r
 .text._localeconv_r
                0x000000000800c330       0x1c c:/st/stm32cubeide_1.0.2/stm32cubeide/plugins/com.st.stm32cube.ide.mcu.externaltools.gnu-tools-for-stm32.7-2018-q2-update.win32_1.0.0.201904181610/tools/bin/../lib/gcc/arm-none-eabi/7.3.1/../../../../arm-none-eabi/lib/thumb/v7e-m/fpv4-sp/hard\libc_nano.a(lib_a-localeconv.o)
                0x000000000800c330                _localeconv_r
 .text.__malloc_lock
                0x000000000800c34c        0x2 c:/st/stm32cubeide_1.0.2/stm32cubeide/plugins/com.st.stm32cube.ide.mcu.externaltools.gnu-tools-for-stm32.7-2018-q2-update.win32_1.0.0.201904181610/tools/bin/../lib/gcc/arm-none-eabi/7.3.1/../../../../arm-none-eabi/lib/thumb/v7e-m/fpv4-sp/hard\libc_nano.a(lib_a-mlock.o)
                0x000000000800c34c                __malloc_lock
 .text.__malloc_unlock
                0x000000000800c34e        0x2 c:/st/stm32cubeide_1.0.2/stm32cubeide/plugins/com.st.stm32cube.ide.mcu.externaltools.gnu-tools-for-stm32.7-2018-q2-update.win32_1.0.0.201904181610/tools/bin/../lib/gcc/arm-none-eabi/7.3.1/../../../../arm-none-eabi/lib/thumb/v7e-m/fpv4-sp/hard\libc_nano.a(lib_a-mlock.o)
                0x000000000800c34e                __malloc_unlock
 .text._Balloc  0x000000000800c350       0x68 c:/st/stm32cubeide_1.0.2/stm32cubeide/plugins/com.st.stm32cube.ide.mcu.externaltools.gnu-tools-for-stm32.7-2018-q2-update.win32_1.0.0.201904181610/tools/bin/../lib/gcc/arm-none-eabi/7.3.1/../../../../arm-none-eabi/lib/thumb/v7e-m/fpv4-sp/hard\libc_nano.a(lib_a-mprec.o)
                0x000000000800c350                _Balloc
 .text._Bfree   0x000000000800c3b8       0x2e c:/st/stm32cubeide_1.0.2/stm32cubeide/plugins/com.st.stm32cube.ide.mcu.externaltools.gnu-tools-for-stm32.7-2018-q2-update.win32_1.0.0.201904181610/tools/bin/../lib/gcc/arm-none-eabi/7.3.1/../../../../arm-none-eabi/lib/thumb/v7e-m/fpv4-sp/hard\libc_nano.a(lib_a-mprec.o)
                0x000000000800c3b8                _Bfree
 .text.__multadd
                0x000000000800c3e6       0x76 c:/st/stm32cubeide_1.0.2/stm32cubeide/plugins/com.st.stm32cube.ide.mcu.externaltools.gnu-tools-for-stm32.7-2018-q2-update.win32_1.0.0.201904181610/tools/bin/../lib/gcc/arm-none-eabi/7.3.1/../../../../arm-none-eabi/lib/thumb/v7e-m/fpv4-sp/hard\libc_nano.a(lib_a-mprec.o)
                0x000000000800c3e6                __multadd
 .text.__hi0bits
                0x000000000800c45c       0x3e c:/st/stm32cubeide_1.0.2/stm32cubeide/plugins/com.st.stm32cube.ide.mcu.externaltools.gnu-tools-for-stm32.7-2018-q2-update.win32_1.0.0.201904181610/tools/bin/../lib/gcc/arm-none-eabi/7.3.1/../../../../arm-none-eabi/lib/thumb/v7e-m/fpv4-sp/hard\libc_nano.a(lib_a-mprec.o)
                0x000000000800c45c                __hi0bits
 .text.__lo0bits
                0x000000000800c49a       0x5e c:/st/stm32cubeide_1.0.2/stm32cubeide/plugins/com.st.stm32cube.ide.mcu.externaltools.gnu-tools-for-stm32.7-2018-q2-update.win32_1.0.0.201904181610/tools/bin/../lib/gcc/arm-none-eabi/7.3.1/../../../../arm-none-eabi/lib/thumb/v7e-m/fpv4-sp/hard\libc_nano.a(lib_a-mprec.o)
                0x000000000800c49a                __lo0bits
 .text.__i2b    0x000000000800c4f8       0x12 c:/st/stm32cubeide_1.0.2/stm32cubeide/plugins/com.st.stm32cube.ide.mcu.externaltools.gnu-tools-for-stm32.7-2018-q2-update.win32_1.0.0.201904181610/tools/bin/../lib/gcc/arm-none-eabi/7.3.1/../../../../arm-none-eabi/lib/thumb/v7e-m/fpv4-sp/hard\libc_nano.a(lib_a-mprec.o)
                0x000000000800c4f8                __i2b
 .text.__multiply
                0x000000000800c50a      0x12c c:/st/stm32cubeide_1.0.2/stm32cubeide/plugins/com.st.stm32cube.ide.mcu.externaltools.gnu-tools-for-stm32.7-2018-q2-update.win32_1.0.0.201904181610/tools/bin/../lib/gcc/arm-none-eabi/7.3.1/../../../../arm-none-eabi/lib/thumb/v7e-m/fpv4-sp/hard\libc_nano.a(lib_a-mprec.o)
                0x000000000800c50a                __multiply
 *fill*         0x000000000800c636        0x2 
 .text.__pow5mult
                0x000000000800c638       0x9c c:/st/stm32cubeide_1.0.2/stm32cubeide/plugins/com.st.stm32cube.ide.mcu.externaltools.gnu-tools-for-stm32.7-2018-q2-update.win32_1.0.0.201904181610/tools/bin/../lib/gcc/arm-none-eabi/7.3.1/../../../../arm-none-eabi/lib/thumb/v7e-m/fpv4-sp/hard\libc_nano.a(lib_a-mprec.o)
                0x000000000800c638                __pow5mult
 .text.__lshift
                0x000000000800c6d4       0xa8 c:/st/stm32cubeide_1.0.2/stm32cubeide/plugins/com.st.stm32cube.ide.mcu.externaltools.gnu-tools-for-stm32.7-2018-q2-update.win32_1.0.0.201904181610/tools/bin/../lib/gcc/arm-none-eabi/7.3.1/../../../../arm-none-eabi/lib/thumb/v7e-m/fpv4-sp/hard\libc_nano.a(lib_a-mprec.o)
                0x000000000800c6d4                __lshift
 .text.__mcmp   0x000000000800c77c       0x34 c:/st/stm32cubeide_1.0.2/stm32cubeide/plugins/com.st.stm32cube.ide.mcu.externaltools.gnu-tools-for-stm32.7-2018-q2-update.win32_1.0.0.201904181610/tools/bin/../lib/gcc/arm-none-eabi/7.3.1/../../../../arm-none-eabi/lib/thumb/v7e-m/fpv4-sp/hard\libc_nano.a(lib_a-mprec.o)
                0x000000000800c77c                __mcmp
 .text.__mdiff  0x000000000800c7b0       0xba c:/st/stm32cubeide_1.0.2/stm32cubeide/plugins/com.st.stm32cube.ide.mcu.externaltools.gnu-tools-for-stm32.7-2018-q2-update.win32_1.0.0.201904181610/tools/bin/../lib/gcc/arm-none-eabi/7.3.1/../../../../arm-none-eabi/lib/thumb/v7e-m/fpv4-sp/hard\libc_nano.a(lib_a-mprec.o)
                0x000000000800c7b0                __mdiff
 .text.__d2b    0x000000000800c86a       0x9e c:/st/stm32cubeide_1.0.2/stm32cubeide/plugins/com.st.stm32cube.ide.mcu.externaltools.gnu-tools-for-stm32.7-2018-q2-update.win32_1.0.0.201904181610/tools/bin/../lib/gcc/arm-none-eabi/7.3.1/../../../../arm-none-eabi/lib/thumb/v7e-m/fpv4-sp/hard\libc_nano.a(lib_a-mprec.o)
                0x000000000800c86a                __d2b
 .text._calloc_r
                0x000000000800c908       0x1c c:/st/stm32cubeide_1.0.2/stm32cubeide/plugins/com.st.stm32cube.ide.mcu.externaltools.gnu-tools-for-stm32.7-2018-q2-update.win32_1.0.0.201904181610/tools/bin/../lib/gcc/arm-none-eabi/7.3.1/../../../../arm-none-eabi/lib/thumb/v7e-m/fpv4-sp/hard\libc_nano.a(lib_a-nano-callocr.o)
                0x000000000800c908                _calloc_r
 .text.__ascii_mbtowc
                0x000000000800c924       0x24 c:/st/stm32cubeide_1.0.2/stm32cubeide/plugins/com.st.stm32cube.ide.mcu.externaltools.gnu-tools-for-stm32.7-2018-q2-update.win32_1.0.0.201904181610/tools/bin/../lib/gcc/arm-none-eabi/7.3.1/../../../../arm-none-eabi/lib/thumb/v7e-m/fpv4-sp/hard\libc_nano.a(lib_a-mbtowc_r.o)
                0x000000000800c924                __ascii_mbtowc
 .text.__ascii_wctomb
                0x000000000800c948       0x1a c:/st/stm32cubeide_1.0.2/stm32cubeide/plugins/com.st.stm32cube.ide.mcu.externaltools.gnu-tools-for-stm32.7-2018-q2-update.win32_1.0.0.201904181610/tools/bin/../lib/gcc/arm-none-eabi/7.3.1/../../../../arm-none-eabi/lib/thumb/v7e-m/fpv4-sp/hard\libc_nano.a(lib_a-wctomb_r.o)
                0x000000000800c948                __ascii_wctomb
 *fill*         0x000000000800c962        0x2 
 .text.sqrtf    0x000000000800c964       0xa0 c:/st/stm32cubeide_1.0.2/stm32cubeide/plugins/com.st.stm32cube.ide.mcu.externaltools.gnu-tools-for-stm32.7-2018-q2-update.win32_1.0.0.201904181610/tools/bin/../lib/gcc/arm-none-eabi/7.3.1/../../../../arm-none-eabi/lib/thumb/v7e-m/fpv4-sp/hard\libm.a(lib_a-wf_sqrt.o)
                0x000000000800c964                sqrtf
 .text.__ieee754_sqrtf
                0x000000000800ca04        0x6 c:/st/stm32cubeide_1.0.2/stm32cubeide/plugins/com.st.stm32cube.ide.mcu.externaltools.gnu-tools-for-stm32.7-2018-q2-update.win32_1.0.0.201904181610/tools/bin/../lib/gcc/arm-none-eabi/7.3.1/../../../../arm-none-eabi/lib/thumb/v7e-m/fpv4-sp/hard\libm.a(lib_a-ef_sqrt.o)
                0x000000000800ca04                __ieee754_sqrtf
 .text.matherr  0x000000000800ca0a        0x4 c:/st/stm32cubeide_1.0.2/stm32cubeide/plugins/com.st.stm32cube.ide.mcu.externaltools.gnu-tools-for-stm32.7-2018-q2-update.win32_1.0.0.201904181610/tools/bin/../lib/gcc/arm-none-eabi/7.3.1/../../../../arm-none-eabi/lib/thumb/v7e-m/fpv4-sp/hard\libm.a(lib_a-s_matherr.o)
                0x000000000800ca0a                matherr
 *(.glue_7)
 .glue_7        0x000000000800ca0e        0x0 linker stubs
 *(.glue_7t)
 .glue_7t       0x000000000800ca0e        0x0 linker stubs
 *(.eh_frame)
 *fill*         0x000000000800ca0e        0x2 
 .eh_frame      0x000000000800ca10        0x0 c:/st/stm32cubeide_1.0.2/stm32cubeide/plugins/com.st.stm32cube.ide.mcu.externaltools.gnu-tools-for-stm32.7-2018-q2-update.win32_1.0.0.201904181610/tools/bin/../lib/gcc/arm-none-eabi/7.3.1/thumb/v7e-m/fpv4-sp/hard/crtbegin.o
 *(.init)
 .init          0x000000000800ca10        0x4 c:/st/stm32cubeide_1.0.2/stm32cubeide/plugins/com.st.stm32cube.ide.mcu.externaltools.gnu-tools-for-stm32.7-2018-q2-update.win32_1.0.0.201904181610/tools/bin/../lib/gcc/arm-none-eabi/7.3.1/thumb/v7e-m/fpv4-sp/hard/crti.o
                0x000000000800ca10                _init
 .init          0x000000000800ca14        0x8 c:/st/stm32cubeide_1.0.2/stm32cubeide/plugins/com.st.stm32cube.ide.mcu.externaltools.gnu-tools-for-stm32.7-2018-q2-update.win32_1.0.0.201904181610/tools/bin/../lib/gcc/arm-none-eabi/7.3.1/thumb/v7e-m/fpv4-sp/hard/crtn.o
 *(.fini)
 .fini          0x000000000800ca1c        0x4 c:/st/stm32cubeide_1.0.2/stm32cubeide/plugins/com.st.stm32cube.ide.mcu.externaltools.gnu-tools-for-stm32.7-2018-q2-update.win32_1.0.0.201904181610/tools/bin/../lib/gcc/arm-none-eabi/7.3.1/thumb/v7e-m/fpv4-sp/hard/crti.o
                0x000000000800ca1c                _fini
 .fini          0x000000000800ca20        0x8 c:/st/stm32cubeide_1.0.2/stm32cubeide/plugins/com.st.stm32cube.ide.mcu.externaltools.gnu-tools-for-stm32.7-2018-q2-update.win32_1.0.0.201904181610/tools/bin/../lib/gcc/arm-none-eabi/7.3.1/thumb/v7e-m/fpv4-sp/hard/crtn.o
                0x000000000800ca28                . = ALIGN (0x4)
                0x000000000800ca28                _etext = .

.vfp11_veneer   0x000000000800ca28        0x0
 .vfp11_veneer  0x000000000800ca28        0x0 linker stubs

.v4_bx          0x000000000800ca28        0x0
 .v4_bx         0x000000000800ca28        0x0 linker stubs

.iplt           0x000000000800ca28        0x0
 .iplt          0x000000000800ca28        0x0 c:/st/stm32cubeide_1.0.2/stm32cubeide/plugins/com.st.stm32cube.ide.mcu.externaltools.gnu-tools-for-stm32.7-2018-q2-update.win32_1.0.0.201904181610/tools/bin/../lib/gcc/arm-none-eabi/7.3.1/thumb/v7e-m/fpv4-sp/hard/crtbegin.o

.rodata         0x000000000800ca28     0x8ad0
                0x000000000800ca28                . = ALIGN (0x4)
 *(.rodata)
 .rodata        0x000000000800ca28        0x4 Middlewares/ST/STM32_USB_Host_Library/Class/CDC/Src/usbh_cdc.o
 *(.rodata*)
 .rodata.AHBPrescTable
                0x000000000800ca2c       0x10 Core/Src/system_stm32l4xx.o
                0x000000000800ca2c                AHBPrescTable
 .rodata.APBPrescTable
                0x000000000800ca3c        0x8 Core/Src/system_stm32l4xx.o
                0x000000000800ca3c                APBPrescTable
 .rodata.MSIRangeTable
                0x000000000800ca44       0x30 Core/Src/system_stm32l4xx.o
                0x000000000800ca44                MSIRangeTable
 .rodata.JOY_PIN
                0x000000000800ca74        0xa Drivers/STM32L476G-Discovery/stm32l476g_discovery.o
                0x000000000800ca74                JOY_PIN
 *fill*         0x000000000800ca7e        0x2 
 .rodata.CapLetterMap
                0x000000000800ca80       0x34 Drivers/STM32L476G-Discovery/stm32l476g_discovery_glass_lcd.o
                0x000000000800ca80                CapLetterMap
 .rodata.NumberMap
                0x000000000800cab4       0x14 Drivers/STM32L476G-Discovery/stm32l476g_discovery_glass_lcd.o
                0x000000000800cab4                NumberMap
 .rodata.armBitRevTable
                0x000000000800cac8      0x800 C:\Users\Laptop\Documents\Projects\STM32\lib\libarm_cortexM4lf_math.a(arm_common_tables.o)
                0x000000000800cac8                armBitRevTable
 .rodata.twiddleCoef_4096
                0x000000000800d2c8     0x8000 C:\Users\Laptop\Documents\Projects\STM32\lib\libarm_cortexM4lf_math.a(arm_common_tables.o)
                0x000000000800d2c8                twiddleCoef_4096
 .rodata._printf_float.str1.1
                0x00000000080152c8       0x12 c:/st/stm32cubeide_1.0.2/stm32cubeide/plugins/com.st.stm32cube.ide.mcu.externaltools.gnu-tools-for-stm32.7-2018-q2-update.win32_1.0.0.201904181610/tools/bin/../lib/gcc/arm-none-eabi/7.3.1/../../../../arm-none-eabi/lib/thumb/v7e-m/fpv4-sp/hard\libc_nano.a(lib_a-nano-vfprintf_float.o)
 .rodata._dtoa_r.str1.1
                0x00000000080152da        0xd c:/st/stm32cubeide_1.0.2/stm32cubeide/plugins/com.st.stm32cube.ide.mcu.externaltools.gnu-tools-for-stm32.7-2018-q2-update.win32_1.0.0.201904181610/tools/bin/../lib/gcc/arm-none-eabi/7.3.1/../../../../arm-none-eabi/lib/thumb/v7e-m/fpv4-sp/hard\libc_nano.a(lib_a-dtoa.o)
                                          0xf (size before relaxing)
 *fill*         0x00000000080152e7        0x1 
 .rodata.__mprec_bigtens
                0x00000000080152e8       0x28 c:/st/stm32cubeide_1.0.2/stm32cubeide/plugins/com.st.stm32cube.ide.mcu.externaltools.gnu-tools-for-stm32.7-2018-q2-update.win32_1.0.0.201904181610/tools/bin/../lib/gcc/arm-none-eabi/7.3.1/../../../../arm-none-eabi/lib/thumb/v7e-m/fpv4-sp/hard\libc_nano.a(lib_a-mprec.o)
                0x00000000080152e8                __mprec_bigtens
 .rodata.__mprec_tens
                0x0000000008015310       0xc8 c:/st/stm32cubeide_1.0.2/stm32cubeide/plugins/com.st.stm32cube.ide.mcu.externaltools.gnu-tools-for-stm32.7-2018-q2-update.win32_1.0.0.201904181610/tools/bin/../lib/gcc/arm-none-eabi/7.3.1/../../../../arm-none-eabi/lib/thumb/v7e-m/fpv4-sp/hard\libc_nano.a(lib_a-mprec.o)
                0x0000000008015310                __mprec_tens
 .rodata.p05.7359
                0x00000000080153d8        0xc c:/st/stm32cubeide_1.0.2/stm32cubeide/plugins/com.st.stm32cube.ide.mcu.externaltools.gnu-tools-for-stm32.7-2018-q2-update.win32_1.0.0.201904181610/tools/bin/../lib/gcc/arm-none-eabi/7.3.1/../../../../arm-none-eabi/lib/thumb/v7e-m/fpv4-sp/hard\libc_nano.a(lib_a-mprec.o)
 .rodata._setlocale_r.str1.1
                0x00000000080153e4        0x8 c:/st/stm32cubeide_1.0.2/stm32cubeide/plugins/com.st.stm32cube.ide.mcu.externaltools.gnu-tools-for-stm32.7-2018-q2-update.win32_1.0.0.201904181610/tools/bin/../lib/gcc/arm-none-eabi/7.3.1/../../../../arm-none-eabi/lib/thumb/v7e-m/fpv4-sp/hard\libc_nano.a(lib_a-locale.o)
                                          0x9 (size before relaxing)
 .rodata.str1.1
                0x00000000080153ec        0x2 c:/st/stm32cubeide_1.0.2/stm32cubeide/plugins/com.st.stm32cube.ide.mcu.externaltools.gnu-tools-for-stm32.7-2018-q2-update.win32_1.0.0.201904181610/tools/bin/../lib/gcc/arm-none-eabi/7.3.1/../../../../arm-none-eabi/lib/thumb/v7e-m/fpv4-sp/hard\libc_nano.a(lib_a-locale.o)
 .rodata._ctype_
                0x00000000080153ee      0x101 c:/st/stm32cubeide_1.0.2/stm32cubeide/plugins/com.st.stm32cube.ide.mcu.externaltools.gnu-tools-for-stm32.7-2018-q2-update.win32_1.0.0.201904181610/tools/bin/../lib/gcc/arm-none-eabi/7.3.1/../../../../arm-none-eabi/lib/thumb/v7e-m/fpv4-sp/hard\libc_nano.a(lib_a-ctype_.o)
                0x00000000080153ee                _ctype_
 .rodata.sqrtf.str1.1
                0x00000000080154ef        0x6 c:/st/stm32cubeide_1.0.2/stm32cubeide/plugins/com.st.stm32cube.ide.mcu.externaltools.gnu-tools-for-stm32.7-2018-q2-update.win32_1.0.0.201904181610/tools/bin/../lib/gcc/arm-none-eabi/7.3.1/../../../../arm-none-eabi/lib/thumb/v7e-m/fpv4-sp/hard\libm.a(lib_a-wf_sqrt.o)
                0x00000000080154f8                . = ALIGN (0x4)
 *fill*         0x00000000080154f5        0x3 

.ARM.extab      0x00000000080154f8        0x0
                0x00000000080154f8                . = ALIGN (0x4)
 *(.ARM.extab* .gnu.linkonce.armextab.*)
                0x00000000080154f8                . = ALIGN (0x4)

.ARM            0x00000000080154f8        0x8
                0x00000000080154f8                . = ALIGN (0x4)
                0x00000000080154f8                __exidx_start = .
 *(.ARM.exidx*)
 .ARM.exidx     0x00000000080154f8        0x8 c:/st/stm32cubeide_1.0.2/stm32cubeide/plugins/com.st.stm32cube.ide.mcu.externaltools.gnu-tools-for-stm32.7-2018-q2-update.win32_1.0.0.201904181610/tools/bin/../lib/gcc/arm-none-eabi/7.3.1/thumb/v7e-m/fpv4-sp/hard\libgcc.a(_udivmoddi4.o)
                0x0000000008015500                __exidx_end = .
                0x0000000008015500                . = ALIGN (0x4)

.rel.dyn        0x0000000008015500        0x0
 .rel.iplt      0x0000000008015500        0x0 c:/st/stm32cubeide_1.0.2/stm32cubeide/plugins/com.st.stm32cube.ide.mcu.externaltools.gnu-tools-for-stm32.7-2018-q2-update.win32_1.0.0.201904181610/tools/bin/../lib/gcc/arm-none-eabi/7.3.1/thumb/v7e-m/fpv4-sp/hard/crtbegin.o

.preinit_array  0x0000000008015500        0x0
                0x0000000008015500                . = ALIGN (0x4)
                0x0000000008015500                PROVIDE (__preinit_array_start = .)
 *(.preinit_array*)
                0x0000000008015500                PROVIDE (__preinit_array_end = .)
                0x0000000008015500                . = ALIGN (0x4)

.init_array     0x0000000008015500        0x4
                0x0000000008015500                . = ALIGN (0x4)
                0x0000000008015500                PROVIDE (__init_array_start = .)
 *(SORT_BY_NAME(.init_array.*))
 *(.init_array*)
 .init_array    0x0000000008015500        0x4 c:/st/stm32cubeide_1.0.2/stm32cubeide/plugins/com.st.stm32cube.ide.mcu.externaltools.gnu-tools-for-stm32.7-2018-q2-update.win32_1.0.0.201904181610/tools/bin/../lib/gcc/arm-none-eabi/7.3.1/thumb/v7e-m/fpv4-sp/hard/crtbegin.o
                0x0000000008015504                PROVIDE (__init_array_end = .)
                0x0000000008015504                . = ALIGN (0x4)

.fini_array     0x0000000008015504        0x4
                0x0000000008015504                . = ALIGN (0x4)
                [!provide]                        PROVIDE (__fini_array_start = .)
 *(SORT_BY_NAME(.fini_array.*))
 *(.fini_array*)
 .fini_array    0x0000000008015504        0x4 c:/st/stm32cubeide_1.0.2/stm32cubeide/plugins/com.st.stm32cube.ide.mcu.externaltools.gnu-tools-for-stm32.7-2018-q2-update.win32_1.0.0.201904181610/tools/bin/../lib/gcc/arm-none-eabi/7.3.1/thumb/v7e-m/fpv4-sp/hard/crtbegin.o
                [!provide]                        PROVIDE (__fini_array_end = .)
                0x0000000008015508                . = ALIGN (0x4)
                0x0000000008015508                _sidata = LOADADDR (.data)

.data           0x0000000020000000      0x21c load address 0x0000000008015508
                0x0000000020000000                . = ALIGN (0x4)
                0x0000000020000000                _sdata = .
 *(.data)
 *(.data*)
 .data.menuChoice
                0x0000000020000000        0x4 Core/Src/display.o
                0x0000000020000000                menuChoice
 .data.hertzPerBin
                0x0000000020000004        0x4 Core/Src/fft.o
                0x0000000020000004                hertzPerBin
 .data.SystemCoreClock
                0x0000000020000008        0x4 Core/Src/system_stm32l4xx.o
                0x0000000020000008                SystemCoreClock
 .data.JOY_PORT
                0x000000002000000c       0x14 Drivers/STM32L476G-Discovery/stm32l476g_discovery.o
                0x000000002000000c                JOY_PORT
 .data.uwTickPrio
                0x0000000020000020        0x4 Drivers/STM32L4xx_HAL_Driver/Src/stm32l4xx_hal.o
                0x0000000020000020                uwTickPrio
 .data.uwTickFreq
                0x0000000020000024        0x4 Drivers/STM32L4xx_HAL_Driver/Src/stm32l4xx_hal.o
                0x0000000020000024                uwTickFreq
 .data.CDC_Class
                0x0000000020000028       0x20 Middlewares/ST/STM32_USB_Host_Library/Class/CDC/Src/usbh_cdc.o
                0x0000000020000028                CDC_Class
 .data._impure_ptr
                0x0000000020000048        0x4 c:/st/stm32cubeide_1.0.2/stm32cubeide/plugins/com.st.stm32cube.ide.mcu.externaltools.gnu-tools-for-stm32.7-2018-q2-update.win32_1.0.0.201904181610/tools/bin/../lib/gcc/arm-none-eabi/7.3.1/../../../../arm-none-eabi/lib/thumb/v7e-m/fpv4-sp/hard\libc_nano.a(lib_a-impure.o)
                0x0000000020000048                _impure_ptr
 .data.impure_data
                0x000000002000004c       0x60 c:/st/stm32cubeide_1.0.2/stm32cubeide/plugins/com.st.stm32cube.ide.mcu.externaltools.gnu-tools-for-stm32.7-2018-q2-update.win32_1.0.0.201904181610/tools/bin/../lib/gcc/arm-none-eabi/7.3.1/../../../../arm-none-eabi/lib/thumb/v7e-m/fpv4-sp/hard\libc_nano.a(lib_a-impure.o)
 .data.__global_locale
                0x00000000200000ac      0x16c c:/st/stm32cubeide_1.0.2/stm32cubeide/plugins/com.st.stm32cube.ide.mcu.externaltools.gnu-tools-for-stm32.7-2018-q2-update.win32_1.0.0.201904181610/tools/bin/../lib/gcc/arm-none-eabi/7.3.1/../../../../arm-none-eabi/lib/thumb/v7e-m/fpv4-sp/hard\libc_nano.a(lib_a-locale.o)
                0x00000000200000ac                __global_locale
 .data.__fdlib_version
                0x0000000020000218        0x1 c:/st/stm32cubeide_1.0.2/stm32cubeide/plugins/com.st.stm32cube.ide.mcu.externaltools.gnu-tools-for-stm32.7-2018-q2-update.win32_1.0.0.201904181610/tools/bin/../lib/gcc/arm-none-eabi/7.3.1/../../../../arm-none-eabi/lib/thumb/v7e-m/fpv4-sp/hard\libm.a(lib_a-s_lib_ver.o)
                0x0000000020000218                __fdlib_version
                0x000000002000021c                . = ALIGN (0x4)
 *fill*         0x0000000020000219        0x3 
                0x000000002000021c                _edata = .

.igot.plt       0x000000002000021c        0x0 load address 0x0000000008015724
 .igot.plt      0x000000002000021c        0x0 c:/st/stm32cubeide_1.0.2/stm32cubeide/plugins/com.st.stm32cube.ide.mcu.externaltools.gnu-tools-for-stm32.7-2018-q2-update.win32_1.0.0.201904181610/tools/bin/../lib/gcc/arm-none-eabi/7.3.1/thumb/v7e-m/fpv4-sp/hard/crtbegin.o
                0x000000002000021c                . = ALIGN (0x4)

.bss            0x000000002000021c     0x3944 load address 0x0000000008015724
                0x000000002000021c                _sbss = .
                0x000000002000021c                __bss_start__ = _sbss
 *(.bss)
 .bss           0x000000002000021c       0x1c c:/st/stm32cubeide_1.0.2/stm32cubeide/plugins/com.st.stm32cube.ide.mcu.externaltools.gnu-tools-for-stm32.7-2018-q2-update.win32_1.0.0.201904181610/tools/bin/../lib/gcc/arm-none-eabi/7.3.1/thumb/v7e-m/fpv4-sp/hard/crtbegin.o
 *(.bss*)
 .bss.ADCValue  0x0000000020000238        0x4 Core/Src/adc.o
                0x0000000020000238                ADCValue
 .bss.lcd.10083
                0x000000002000023c        0x6 Core/Src/display.o
 *fill*         0x0000000020000242        0x2 
 .bss.digit1.10084
                0x0000000020000244        0x4 Core/Src/display.o
 .bss.digit2.10085
                0x0000000020000248        0x4 Core/Src/display.o
 .bss.digit3.10086
                0x000000002000024c        0x4 Core/Src/display.o
 .bss.digit4.10087
                0x0000000020000250        0x4 Core/Src/display.o
 .bss.i.12984   0x0000000020000254        0x2 Core/Src/fft.o
 *fill*         0x0000000020000256        0x2 
 .bss.g_ADCValue
                0x0000000020000258        0x4 Core/Src/main.o
                0x0000000020000258                g_ADCValue
 .bss.activeBuffer
                0x000000002000025c        0x1 Core/Src/main.o
                0x000000002000025c                activeBuffer
 .bss.bufferReady
                0x000000002000025d        0x1 Core/Src/main.o
                0x000000002000025d                bufferReady
 .bss.bufferReading
                0x000000002000025e        0x1 Core/Src/main.o
                0x000000002000025e                bufferReading
 *fill*         0x000000002000025f        0x1 
 .bss.bufferIndex.13938
                0x0000000020000260        0x4 Core/Src/main.o
 .bss.heap_end.6424
                0x0000000020000264        0x4 Core/Src/sysmem.o
 .bss.tmpreg.10228
                0x0000000020000268        0x4 Drivers/STM32L4xx_HAL_Driver/Src/stm32l4xx_ll_usb.o
 .bss.Appli_state
                0x000000002000026c        0x1 USB_HOST/App/usb_host.o
                0x000000002000026c                Appli_state
 *fill*         0x000000002000026d        0x3 
 .bss.__malloc_free_list
                0x0000000020000270        0x4 c:/st/stm32cubeide_1.0.2/stm32cubeide/plugins/com.st.stm32cube.ide.mcu.externaltools.gnu-tools-for-stm32.7-2018-q2-update.win32_1.0.0.201904181610/tools/bin/../lib/gcc/arm-none-eabi/7.3.1/../../../../arm-none-eabi/lib/thumb/v7e-m/fpv4-sp/hard\libc_nano.a(lib_a-nano-mallocr.o)
                0x0000000020000270                __malloc_free_list
 .bss.__malloc_sbrk_start
                0x0000000020000274        0x4 c:/st/stm32cubeide_1.0.2/stm32cubeide/plugins/com.st.stm32cube.ide.mcu.externaltools.gnu-tools-for-stm32.7-2018-q2-update.win32_1.0.0.201904181610/tools/bin/../lib/gcc/arm-none-eabi/7.3.1/../../../../arm-none-eabi/lib/thumb/v7e-m/fpv4-sp/hard\libc_nano.a(lib_a-nano-mallocr.o)
                0x0000000020000274                __malloc_sbrk_start
 *(COMMON)
 COMMON         0x0000000020000278       0x64 Core/Src/adc.o
                0x0000000020000278                hadc1
 COMMON         0x00000000200002dc      0xc20 Core/Src/fft.o
                0x00000000200002dc                maxValue
                0x00000000200002e0                S
                0x00000000200002f4                Output
                0x00000000200006f4                ADCBuffer
                0x00000000200006f8                maxIndex
                0x00000000200006fc                Input
 COMMON         0x0000000020000efc     0x2580 Core/Src/main.o
                0x0000000020000efc                htim4
                0x0000000020000f3c                ADCBuffer1
                0x000000002000173c                Timer4Handle
                0x000000002000177c                huart1
                0x00000000200017fc                hlcd
                0x0000000020001838                snum
                0x0000000020002c38                ADCBuffer0
                0x0000000020003438                hqspi
 COMMON         0x000000002000347c       0x4c Drivers/STM32L476G-Discovery/stm32l476g_discovery_glass_lcd.o
                0x000000002000347c                Digit
                0x000000002000348c                LCDHandle
 COMMON         0x00000000200034c8        0x4 Drivers/STM32L4xx_HAL_Driver/Src/stm32l4xx_hal.o
                0x00000000200034c8                uwTick
 COMMON         0x00000000200034cc      0x3cc USB_HOST/App/usb_host.o
                0x00000000200034cc                hUsbHostFS
 COMMON         0x0000000020003898      0x2c4 USB_HOST/Target/usbh_conf.o
                0x0000000020003898                hhcd_USB_OTG_FS
 COMMON         0x0000000020003b5c        0x4 c:/st/stm32cubeide_1.0.2/stm32cubeide/plugins/com.st.stm32cube.ide.mcu.externaltools.gnu-tools-for-stm32.7-2018-q2-update.win32_1.0.0.201904181610/tools/bin/../lib/gcc/arm-none-eabi/7.3.1/../../../../arm-none-eabi/lib/thumb/v7e-m/fpv4-sp/hard\libc_nano.a(lib_a-reent.o)
                0x0000000020003b5c                errno
                0x0000000020003b60                . = ALIGN (0x4)
                0x0000000020003b60                _ebss = .
                0x0000000020003b60                __bss_end__ = _ebss

._user_heap_stack
                0x0000000020003b60      0x600 load address 0x0000000008015724
                0x0000000020003b60                . = ALIGN (0x8)
                0x0000000020003b60                PROVIDE (end = .)
                [!provide]                        PROVIDE (_end = .)
                0x0000000020003d60                . = (. + _Min_Heap_Size)
 *fill*         0x0000000020003b60      0x200 
                0x0000000020004160                . = (. + _Min_Stack_Size)
 *fill*         0x0000000020003d60      0x400 
                0x0000000020004160                . = ALIGN (0x8)

/DISCARD/
 libc.a(*)
 libm.a(*)
 libgcc.a(*)

.ARM.attributes
                0x0000000000000000       0x30
 *(.ARM.attributes)
 .ARM.attributes
                0x0000000000000000       0x22 c:/st/stm32cubeide_1.0.2/stm32cubeide/plugins/com.st.stm32cube.ide.mcu.externaltools.gnu-tools-for-stm32.7-2018-q2-update.win32_1.0.0.201904181610/tools/bin/../lib/gcc/arm-none-eabi/7.3.1/thumb/v7e-m/fpv4-sp/hard/crti.o
 .ARM.attributes
                0x0000000000000022       0x34 c:/st/stm32cubeide_1.0.2/stm32cubeide/plugins/com.st.stm32cube.ide.mcu.externaltools.gnu-tools-for-stm32.7-2018-q2-update.win32_1.0.0.201904181610/tools/bin/../lib/gcc/arm-none-eabi/7.3.1/thumb/v7e-m/fpv4-sp/hard/crtbegin.o
 .ARM.attributes
                0x0000000000000056       0x39 Core/Src/adc.o
 .ARM.attributes
                0x000000000000008f       0x39 Core/Src/display.o
 .ARM.attributes
                0x00000000000000c8       0x39 Core/Src/fft.o
 .ARM.attributes
                0x0000000000000101       0x39 Core/Src/main.o
 .ARM.attributes
                0x000000000000013a       0x39 Core/Src/stm32l4xx_hal_msp.o
 .ARM.attributes
                0x0000000000000173       0x39 Core/Src/stm32l4xx_it.o
 .ARM.attributes
                0x00000000000001ac       0x39 Core/Src/sysmem.o
 .ARM.attributes
                0x00000000000001e5       0x39 Core/Src/system_stm32l4xx.o
 .ARM.attributes
                0x000000000000021e       0x21 Core/Startup/startup_stm32l476vgtx.o
 .ARM.attributes
                0x000000000000023f       0x39 Drivers/STM32L476G-Discovery/stm32l476g_discovery.o
 .ARM.attributes