main.c:110:6:addToDoubleBuffer	16	static
main.c:127:6:TIM4_IRQHandler	8	static
main.c:161:5:main	40	static
main.c:284:6:createData	32	static
main.c:308:7:ADCToVoltage	24	static
main.c:312:6:TransmitBuffer	56	static
main.c:332:6:TransmitUART	24	static
main.c:350:6:SystemClock_Config	232	static
main.c:427:13:MX_I2C1_Init	8	static
main.c:470:13:MX_I2C2_Init	8	static
main.c:513:13:MX_LCD_Init	8	static
main.c:549:13:MX_QUADSPI_Init	8	static
main.c:580:13:MX_SAI1_Init	8	static
main.c:652:13:MX_SPI2_Init	8	static
main.c:690:13:MX_TIM4_Init	16	static
main.c:709:13:MX_USART2_UART_Init	8	static
main.c:742:13:MX_GPIO_Init	56	static
main.c:879:6:Error_Handler	4	static
