main.c:108:6:addToDoubleBuffer	16	static
main.c:131:6:TIM4_IRQHandler	8	static
main.c:166:5:main	24	static
main.c:278:7:ADCToVoltage	24	static
main.c:283:6:TransmitValues	24	static
main.c:291:6:transmitBufferADC	32	static
main.c:312:6:TransmitBuffer	48	static
main.c:340:6:TransmitUART	24	static
main.c:360:6:SystemClock_Config	232	static
main.c:434:13:MX_TIM4_Init	16	static
main.c:516:13:MX_LCD_Init	8	static
main.c:554:13:MX_QUADSPI_Init	8	static
main.c:587:13:MX_SAI1_Init	8	static
main.c:708:13:MX_USART1_UART_Init	8	static
main.c:743:13:MX_GPIO_Init	56	static
main.c:902:6:Error_Handler	4	static
